Transit Least Squares TLS 1.32 (5 Apr 2024)
Creating model cache for 32 durations
Searching 13085 data points, 343 periods from 6.72 to 11.651 days
Using 1 of 8 CPU threads
Searching for best T0 for period 6.71989 days
Transit Least Squares TLS 1.32 (5 Apr 2024)
Creating model cache for 32 durations
Searching 13085 data points, 343 periods from 6.72 to 11.651 days
Using 1 of 8 CPU threads
Searching for best T0 for period 6.71989 days
========================================================================
Novel Follow-up Sonucu
========================================================================
{'target_id': 'TIC 439949948', 'success': True, 'sectors_processed': 1, 'candidates_found': 1, 'candidates_confirmed': 1, 'error': ''}
{'target_id': 'TIC 439949948', 'sector': 17, 'success': True, 'has_candidate': True, 'candidate_confirmed': True, 'error': '', 'score': 100.0, 'class': 'A'}
========================================================================
Cikti dizini: outputs_novel_mcmc
Gorseller: outputs_novel_mcmc/figures
JSON: outputs_novel_mcmc/json
Parquet: outputs_novel_mcmc/parquet
