Transit Least Squares TLS 1.32 (5 Apr 2024)
Creating model cache for 30 durations
Searching 17979 data points, 111 periods from 9.607 to 11.739 days
Using 1 of 8 CPU threads
Searching for best T0 for period 10.67902 days
Transit Least Squares TLS 1.32 (5 Apr 2024)
Creating model cache for 30 durations
Searching 17979 data points, 111 periods from 9.607 to 11.739 days
Using 1 of 8 CPU threads
Searching for best T0 for period 10.67902 days
========================================================================
Novel Follow-up Sonucu
========================================================================
{'target_id': 'TIC 201778444', 'success': True, 'sectors_processed': 1, 'candidates_found': 1, 'candidates_confirmed': 1, 'error': ''}
{'target_id': 'TIC 201778444', 'sector': 57, 'success': True, 'has_candidate': True, 'candidate_confirmed': True, 'error': '', 'score': 100.0, 'class': 'A'}
========================================================================
Cikti dizini: outputs_novel_followup
Gorseller: outputs_novel_followup/figures
JSON: outputs_novel_followup/json
Parquet: outputs_novel_followup/parquet
