========================================================================
  Kesif Sonuclari Yenilik Siniflandirmasi
========================================================================
OK 3 aday yuklendi
OK TOI katalogu: 7753 TIC ID

Yenilik dagilimi:
novelty_status
NOVEL_CANDIDATE    3
Name: count, dtype: int64

YENI ADAYLAR: 3

    source_id  sector   period  depth_ppm  planet_radius_rearth  snr_adopted candidate_class  total_score  novelty_status
TIC 238432056      17 3.847347 578.102208              2.100544    28.399098               C         50.0 NOVEL_CANDIDATE
TIC 378534800      17 0.644648  18.955740              0.865931     3.435212               C         50.0 NOVEL_CANDIDATE
TIC 194236179      17 0.000000   0.000000              0.000000     0.000000               C         50.0 NOVEL_CANDIDATE

Yeni adaylar CSV: /mnt/c/Users/Gamze/Desktop/projects/AstroTransit/outputs_discovery/novel_candidates.csv
Yeni adaylar Parquet: /mnt/c/Users/Gamze/Desktop/projects/AstroTransit/outputs_discovery/novel_candidates.parquet

Tum sonuclar: /mnt/c/Users/Gamze/Desktop/projects/AstroTransit/outputs_discovery/discovery_classified.parquet

========================================================================
  3 POTANSIYEL YENI GEZEGEN ADAYI BULUNDU
========================================================================
