========================================================================
  Kesif Sonuclari Yenilik Siniflandirmasi
========================================================================
OK 36 aday yuklendi
OK TOI katalogu: 7753 TIC ID

Yenilik dagilimi:
novelty_status
NOVEL_CANDIDATE    36
Name: count, dtype: int64

YENI ADAYLAR: 36

    source_id  sector    period   depth_ppm  planet_radius_rearth  snr_adopted candidate_class  total_score  novelty_status
TIC 357330064      57  0.837697 3673.520775             10.706927    91.750476               A        100.0 NOVEL_CANDIDATE
TIC 201744712      57  0.869383  608.543781              5.268719    61.440095               A        100.0 NOVEL_CANDIDATE
TIC 405268435      42  1.130168 1452.918170              7.996693    33.826918               A        100.0 NOVEL_CANDIDATE
TIC 326682209      57 16.523800  618.485398              2.032408    24.114893               A        100.0 NOVEL_CANDIDATE
TIC 395321135      83  2.558216  154.421346              3.223798    21.690277               A        100.0 NOVEL_CANDIDATE
TIC 439951000      17  0.843652  354.168790              3.247951    20.343102               A        100.0 NOVEL_CANDIDATE
TIC 352146741      17  5.002255  310.078937              0.797253    12.237996               A        100.0 NOVEL_CANDIDATE
TIC 347299560      24  4.767363  326.346673              0.729194    10.804279               A        100.0 NOVEL_CANDIDATE
TIC 282721706      57  0.706462  165.747983              2.063238    10.766423               A        100.0 NOVEL_CANDIDATE
TIC 439949948      17  6.741639  588.317497              0.760985     7.969399               A        100.0 NOVEL_CANDIDATE
TIC 258913532      57  8.375168  108.577125              0.869463     4.621740               A        100.0 NOVEL_CANDIDATE
TIC 238432056      17  3.847347  578.102208              2.100544    28.399098               C         50.0 NOVEL_CANDIDATE
TIC 359124667      17  1.599330  133.453188              4.240955    11.584776               C         50.0 NOVEL_CANDIDATE
TIC 258876865      57 12.829659  294.498708              1.857309     6.148336               C         50.0 NOVEL_CANDIDATE
TIC 439961270      17  6.278583  181.936699              2.525650     5.753588               C         50.0 NOVEL_CANDIDATE
TIC 259258109      57  4.830457  111.709014              3.577133     5.643677               C         50.0 NOVEL_CANDIDATE
TIC 258866681      57 10.447392  134.218568              0.941490     5.138578               C         50.0 NOVEL_CANDIDATE
TIC 354594372      17  5.373691  152.052532              1.688446     4.756107               C         50.0 NOVEL_CANDIDATE
TIC 238301314      57  7.209680   73.701699              1.548488     4.751297               C         50.0 NOVEL_CANDIDATE
TIC 118005686      57  4.816058   65.061846              1.748231     4.623507               C         50.0 NOVEL_CANDIDATE

Yeni adaylar CSV: /mnt/c/Users/Gamze/Desktop/projects/AstroTransit/outputs_discovery/novel_candidates.csv
Yeni adaylar Parquet: /mnt/c/Users/Gamze/Desktop/projects/AstroTransit/outputs_discovery/novel_candidates.parquet

Tum sonuclar: /mnt/c/Users/Gamze/Desktop/projects/AstroTransit/outputs_discovery/discovery_classified.parquet

========================================================================
  36 POTANSIYEL YENI GEZEGEN ADAYI BULUNDU
========================================================================
