outputs_discovery/discovery_classified.parquet
outputs_discovery/discovery_progress.json
outputs_discovery/json/TIC_118005686_S57.json
outputs_discovery/json/TIC_194236179_S17.json
outputs_discovery/json/TIC_201744712_S57.json
outputs_discovery/json/TIC_238301314_S57.json
outputs_discovery/json/TIC_238432056_S17.json
outputs_discovery/json/TIC_258866681_S57.json
outputs_discovery/json/TIC_258876865_S57.json
outputs_discovery/json/TIC_258913532_S57.json
outputs_discovery/json/TIC_259258109_S57.json
outputs_discovery/json/TIC_282721706_S57.json
outputs_discovery/json/TIC_293265564_S42.json
outputs_discovery/json/TIC_301747091_S57.json
outputs_discovery/json/TIC_326682209_S57.json
outputs_discovery/json/TIC_327000122_S17.json
outputs_discovery/json/TIC_346836545_S84.json
outputs_discovery/json/TIC_347299560_S24.json
outputs_discovery/json/TIC_347303291_S57.json
outputs_discovery/json/TIC_352146741_S17.json
outputs_discovery/json/TIC_354594372_S17.json
outputs_discovery/json/TIC_357330064_S57.json
outputs_discovery/json/TIC_357353192_S42.json
outputs_discovery/json/TIC_357367600_S57.json
outputs_discovery/json/TIC_359124667_S17.json
outputs_discovery/json/TIC_372079999_S17.json
outputs_discovery/json/TIC_372131883_S17.json
outputs_discovery/json/TIC_373147340_S58.json
outputs_discovery/json/TIC_378534800_S17.json
outputs_discovery/json/TIC_388602832_S18.json
outputs_discovery/json/TIC_395320456_S42.json
outputs_discovery/json/TIC_395321135_S83.json
outputs_discovery/json/TIC_405268435_S42.json
outputs_discovery/json/TIC_405610999_S17.json
outputs_discovery/json/TIC_439949948_S17.json
outputs_discovery/json/TIC_439951000_S17.json
outputs_discovery/json/TIC_439953532_S17.json
outputs_discovery/json/TIC_439961270_S17.json
outputs_discovery/json/all_candidates.jsonl
outputs_discovery/novel_candidates.csv
outputs_discovery/novel_candidates.parquet
outputs_discovery/novel_candidates_prioritized.csv
outputs_discovery/novel_candidates_prioritized.parquet
outputs_discovery/parquet/astrotransit_candidates.parquet
