========================================================================
  TOI-Disi Kesif Taramasi v2
========================================================================
  Toplam hedef: 200
  Gorsel: kapali
  Output: outputs_discovery/
========================================================================

[1/200] TIC 238432056 S17 Transit Least Squares TLS 1.32 (5 Apr 2024)
Creating model cache for 37 durations
Searching 13021 data points, 2083 periods from 0.601 to 11.741 days
Using 1 of 8 CPU threads
Searching for best T0 for period 3.84735 days
Transit Least Squares TLS 1.32 (5 Apr 2024)
Creating model cache for 37 durations
Searching 13021 data points, 2083 periods from 0.601 to 11.741 days
Using 1 of 8 CPU threads
Searching for best T0 for period 3.84735 days
| aday yok
[2/200] TIC 117927293 S57 | aday yok
[3/200] TIC 194236179 S17 | aday yok
[4/200] TIC 378534800 S17 Transit Least Squares TLS 1.32 (5 Apr 2024)
Creating model cache for 37 durations
Searching 14579 data points, 2069 periods from 0.602 to 11.679 days
Using 1 of 8 CPU threads
Searching for best T0 for period 0.64465 days
Transit Least Squares TLS 1.32 (5 Apr 2024)
Creating model cache for 37 durations
Searching 14579 data points, 2069 periods from 0.602 to 11.679 days
Using 1 of 8 CPU threads
Searching for best T0 for period 0.64465 days
| aday yok
[5/200] TIC 395318337 S83 | aday yok
[6/200] TIC 238301314 S57 Transit Least Squares TLS 1.32 (5 Apr 2024)
Creating model cache for 38 durations
Searching 17973 data points, 2648 periods from 0.601 to 14.375 days
Using 1 of 8 CPU threads
Searching for best T0 for period 7.20968 days
Transit Least Squares TLS 1.32 (5 Apr 2024)
Creating model cache for 38 durations
Searching 17973 data points, 2648 periods from 0.601 to 14.375 days
Using 1 of 8 CPU threads
Searching for best T0 for period 7.20968 days
| aday yok
[7/200] TIC 395321135 S83 Transit Least Squares TLS 1.32 (5 Apr 2024)
Creating model cache for 37 durations
Searching 17323 data points, 2235 periods from 0.601 to 12.456 days
Using 1 of 8 CPU threads
Searching for best T0 for period 2.55064 days
Transit Least Squares TLS 1.32 (5 Apr 2024)
Creating model cache for 37 durations
Searching 17323 data points, 2235 periods from 0.601 to 12.456 days
Using 1 of 8 CPU threads
Searching for best T0 for period 2.55064 days
| ADAY BULUNDU | Sinif A | Skor 100
[8/200] TIC 395320456 S42 Transit Least Squares TLS 1.32 (5 Apr 2024)
Creating model cache for 37 durations
Searching 11090 data points, 2035 periods from 0.601 to 11.514 days
Using 1 of 8 CPU threads
Searching for best T0 for period 0.68009 days
Transit Least Squares TLS 1.32 (5 Apr 2024)
Creating model cache for 37 durations
Searching 11090 data points, 2035 periods from 0.601 to 11.514 days
Using 1 of 8 CPU threads
Searching for best T0 for period 0.68009 days
| ADAY BULUNDU | Sinif D | Skor 28
[9/200] TIC 194256645 S17 | aday yok
[10/200] TIC 258866681 S57 Transit Least Squares TLS 1.32 (5 Apr 2024)
Creating model cache for 32 durations
Searching 17970 data points, 258 periods from 9.307 to 14.375 days
Using 1 of 8 CPU threads
Searching for best T0 for period 10.44739 days
Transit Least Squares TLS 1.32 (5 Apr 2024)
Creating model cache for 32 durations
Searching 17970 data points, 258 periods from 9.307 to 14.375 days
Using 1 of 8 CPU threads
Searching for best T0 for period 10.44739 days
| aday yok

  === ILERLEME (10/200) ===
  Tamamlanan:   10
  Basarisiz:    0
  Aday bulunan: 2
  Onayli:       2
  Sure:         9.1 dk
  ETA:          172.4 dk

[11/200] TIC 118005686 S57 Transit Least Squares TLS 1.32 (5 Apr 2024)
Creating model cache for 38 durations
Searching 17970 data points, 2648 periods from 0.601 to 14.375 days
Using 1 of 8 CPU threads
Searching for best T0 for period 4.81606 days
Transit Least Squares TLS 1.32 (5 Apr 2024)
Creating model cache for 38 durations
Searching 17970 data points, 2648 periods from 0.601 to 14.375 days
Using 1 of 8 CPU threads
Searching for best T0 for period 4.81606 days
| aday yok
[12/200] TIC 388602832 S18 Transit Least Squares TLS 1.32 (5 Apr 2024)
Creating model cache for 37 durations
Searching 15123 data points, 2097 periods from 0.601 to 11.808 days
Using 1 of 8 CPU threads
Searching for best T0 for period 0.73952 days
Transit Least Squares TLS 1.32 (5 Apr 2024)
Creating model cache for 37 durations
Searching 15123 data points, 2097 periods from 0.601 to 11.808 days
Using 1 of 8 CPU threads
Searching for best T0 for period 0.73952 days
| ADAY BULUNDU | Sinif A | Skor 90
[13/200] TIC 326682209 S57 Transit Least Squares TLS 1.32 (5 Apr 2024)
Creating model cache for 38 durations
Searching 17979 data points, 2648 periods from 0.601 to 14.376 days
Using 1 of 8 CPU threads
Searching for best T0 for period 14.13345 days
Transit Least Squares TLS 1.32 (5 Apr 2024)
Creating model cache for 38 durations
Searching 17979 data points, 2648 periods from 0.601 to 14.376 days
Using 1 of 8 CPU threads
Searching for best T0 for period 14.13345 days
| ADAY BULUNDU | Sinif A | Skor 100
[14/200] TIC 258913532 S57 Transit Least Squares TLS 1.32 (5 Apr 2024)
Creating model cache for 30 durations
Searching 17975 data points, 112 periods from 7.602 to 9.264 days
Using 1 of 8 CPU threads
Searching for best T0 for period 8.41550 days
Transit Least Squares TLS 1.32 (5 Apr 2024)
Creating model cache for 30 durations
Searching 17975 data points, 112 periods from 7.602 to 9.264 days
Using 1 of 8 CPU threads
Searching for best T0 for period 8.41550 days
| ADAY BULUNDU | Sinif A | Skor 100
[15/200] TIC 439949948 S17 Transit Least Squares TLS 1.32 (5 Apr 2024)
Creating model cache for 32 durations
Searching 13085 data points, 343 periods from 6.72 to 11.651 days
Using 1 of 8 CPU threads
Searching for best T0 for period 6.71989 days
Transit Least Squares TLS 1.32 (5 Apr 2024)
Creating model cache for 32 durations
Searching 13085 data points, 343 periods from 6.72 to 11.651 days
Using 1 of 8 CPU threads
Searching for best T0 for period 6.71989 days
| ADAY BULUNDU | Sinif A | Skor 100
[16/200] TIC 346836545 S84 | aday yok
[17/200] TIC 201744712 S57 Transit Least Squares TLS 1.32 (5 Apr 2024)
Creating model cache for 38 durations
Searching 17979 data points, 2648 periods from 0.601 to 14.376 days
Using 1 of 8 CPU threads
Searching for best T0 for period 0.86950 days
| ADAY BULUNDU | Sinif A | Skor 100
[18/200] TIC 347304330 S57 | aday yok
[19/200] TIC 372079999 S17 | aday yok
[20/200] TIC 405268435 S42 Transit Least Squares TLS 1.32 (5 Apr 2024)
Creating model cache for 37 durations
Searching 10708 data points, 2035 periods from 0.601 to 11.514 days
Using 1 of 8 CPU threads
Searching for best T0 for period 1.12962 days
| ADAY BULUNDU | Sinif A | Skor 100

  === ILERLEME (20/200) ===
  Tamamlanan:   20
  Basarisiz:    0
  Aday bulunan: 8
  Onayli:       8
  Sure:         19.1 dk
  ETA:          171.9 dk

[21/200] TIC 439953532 S17 Transit Least Squares TLS 1.32 (5 Apr 2024)
Creating model cache for 37 durations
Searching 13075 data points, 2064 periods from 0.601 to 11.651 days
Using 1 of 8 CPU threads
Searching for best T0 for period 0.70086 days
Transit Least Squares TLS 1.32 (5 Apr 2024)
Creating model cache for 37 durations
Searching 13075 data points, 2064 periods from 0.601 to 11.651 days
Using 1 of 8 CPU threads
Searching for best T0 for period 0.70086 days
| aday yok
[22/200] TIC 83940523 S17 | aday yok
[23/200] TIC 456502768 S83 | aday yok
[24/200] TIC 301747091 S57 Transit Least Squares TLS 1.32 (5 Apr 2024)
Creating model cache for 38 durations
Searching 17969 data points, 2648 periods from 0.601 to 14.375 days
Using 1 of 8 CPU threads
Searching for best T0 for period 1.54301 days
Transit Least Squares TLS 1.32 (5 Apr 2024)
Creating model cache for 38 durations
Searching 17969 data points, 2648 periods from 0.601 to 14.375 days
Using 1 of 8 CPU threads
Searching for best T0 for period 1.54301 days
| ADAY BULUNDU | Sinif X | Skor 70
[25/200] TIC 194144045 S17 | aday yok
[26/200] TIC 359124667 S17 Transit Least Squares TLS 1.32 (5 Apr 2024)
Creating model cache for 37 durations
Searching 14584 data points, 2069 periods from 0.602 to 11.679 days
Using 1 of 8 CPU threads
Searching for best T0 for period 1.59933 days
Transit Least Squares TLS 1.32 (5 Apr 2024)
Creating model cache for 37 durations
Searching 14584 data points, 2069 periods from 0.602 to 11.679 days
Using 1 of 8 CPU threads
Searching for best T0 for period 1.59933 days
| aday yok
[27/200] TIC 354594372 S17 Transit Least Squares TLS 1.32 (5 Apr 2024)
Creating model cache for 37 durations
Searching 13012 data points, 2083 periods from 0.601 to 11.741 days
Using 1 of 8 CPU threads
Searching for best T0 for period 5.37369 days
Transit Least Squares TLS 1.32 (5 Apr 2024)
Creating model cache for 37 durations
Searching 13012 data points, 2083 periods from 0.601 to 11.741 days
Using 1 of 8 CPU threads
Searching for best T0 for period 5.37369 days
| aday yok
[28/200] TIC 347303291 S57 Transit Least Squares TLS 1.32 (5 Apr 2024)
Creating model cache for 38 durations
Searching 17978 data points, 2648 periods from 0.601 to 14.376 days
Using 1 of 8 CPU threads
Searching for best T0 for period 0.66971 days
Transit Least Squares TLS 1.32 (5 Apr 2024)
Creating model cache for 38 durations
Searching 17978 data points, 2648 periods from 0.601 to 14.376 days
Using 1 of 8 CPU threads
Searching for best T0 for period 0.66971 days
| aday yok
[29/200] TIC 439951000 S17 Transit Least Squares TLS 1.32 (5 Apr 2024)
Creating model cache for 37 durations
Searching 13077 data points, 2064 periods from 0.601 to 11.651 days
Using 1 of 8 CPU threads
Searching for best T0 for period 0.84352 days
| ADAY BULUNDU | Sinif A | Skor 100
[30/200] TIC 429032734 S70 | aday yok

  === ILERLEME (30/200) ===
  Tamamlanan:   30
  Basarisiz:    0
  Aday bulunan: 10
  Onayli:       10
  Sure:         27.4 dk
  ETA:          155.4 dk

[31/200] TIC 352146741 S17 Transit Least Squares TLS 1.32 (5 Apr 2024)
Creating model cache for 30 durations
Searching 13087 data points, 117 periods from 4.543 to 5.546 days
Using 1 of 8 CPU threads
Searching for best T0 for period 5.00282 days
Transit Least Squares TLS 1.32 (5 Apr 2024)
Creating model cache for 30 durations
Searching 13087 data points, 117 periods from 4.543 to 5.546 days
Using 1 of 8 CPU threads
Searching for best T0 for period 5.00282 days
| ADAY BULUNDU | Sinif A | Skor 100
[32/200] TIC 347299560 S24 Transit Least Squares TLS 1.32 (5 Apr 2024)
Creating model cache for 38 durations
Searching 17170 data points, 2402 periods from 0.602 to 13.238 days
Using 1 of 8 CPU threads
Searching for best T0 for period 4.73898 days
| ADAY BULUNDU | Sinif A | Skor 100
[33/200] TIC 357330064 S57 Transit Least Squares TLS 1.32 (5 Apr 2024)
Creating model cache for 38 durations
Searching 17081 data points, 2648 periods from 0.601 to 14.375 days
Using 1 of 8 CPU threads
Searching for best T0 for period 0.83751 days
Transit Least Squares TLS 1.32 (5 Apr 2024)
Creating model cache for 38 durations
Searching 17081 data points, 2648 periods from 0.601 to 14.375 days
Using 1 of 8 CPU threads
Searching for best T0 for period 0.83751 days
| ADAY BULUNDU | Sinif A | Skor 100
[34/200] TIC 347203973 S84 | aday yok
[35/200] TIC 327000122 S17 | aday yok
[36/200] TIC 259258109 S57 Transit Least Squares TLS 1.32 (5 Apr 2024)
Creating model cache for 38 durations
Searching 17975 data points, 2648 periods from 0.601 to 14.376 days
Using 1 of 8 CPU threads
Searching for best T0 for period 4.83046 days
Transit Least Squares TLS 1.32 (5 Apr 2024)
Creating model cache for 38 durations
Searching 17975 data points, 2648 periods from 0.601 to 14.376 days
Using 1 of 8 CPU threads
Searching for best T0 for period 4.83046 days
| aday yok
[37/200] TIC 301746908 S57 | aday yok
[38/200] TIC 117926681 S57 | aday yok
[39/200] TIC 357367600 S57 | aday yok
[40/200] TIC 282721706 S57 Transit Least Squares TLS 1.32 (5 Apr 2024)
Creating model cache for 38 durations
Searching 17979 data points, 2648 periods from 0.601 to 14.375 days
Using 1 of 8 CPU threads
Searching for best T0 for period 0.70806 days
| ADAY BULUNDU | Sinif A | Skor 100

  === ILERLEME (40/200) ===
  Tamamlanan:   40
  Basarisiz:    0
  Aday bulunan: 14
  Onayli:       14
  Sure:         37.0 dk
  ETA:          147.9 dk

[41/200] TIC 373147340 S58 | aday yok
[42/200] TIC 372131883 S17 | aday yok
[43/200] TIC 357353192 S42 | aday yok
[44/200] TIC 258876865 S57 Transit Least Squares TLS 1.32 (5 Apr 2024)
Creating model cache for 31 durations
Searching 17465 data points, 142 periods from 10.412 to 14.375 days
Using 1 of 8 CPU threads
Searching for best T0 for period 12.82966 days
Transit Least Squares TLS 1.32 (5 Apr 2024)
Creating model cache for 31 durations
Searching 17465 data points, 142 periods from 10.412 to 14.375 days
Using 1 of 8 CPU threads
Searching for best T0 for period 12.82966 days
| aday yok
[45/200] TIC 439961270 S17 Transit Least Squares TLS 1.32 (5 Apr 2024)
Creating model cache for 37 durations
Searching 13074 data points, 2064 periods from 0.601 to 11.651 days
Using 1 of 8 CPU threads
Searching for best T0 for period 6.27858 days
Transit Least Squares TLS 1.32 (5 Apr 2024)
Creating model cache for 37 durations
Searching 13074 data points, 2064 periods from 0.601 to 11.651 days
Using 1 of 8 CPU threads
Searching for best T0 for period 6.27858 days
| aday yok
[46/200] TIC 201872199 S57 | aday yok
[47/200] TIC 293265564 S42 Transit Least Squares TLS 1.32 (5 Apr 2024)
Creating model cache for 37 durations
Searching 11086 data points, 2035 periods from 0.601 to 11.514 days
Using 1 of 8 CPU threads
Searching for best T0 for period 0.67165 days
Transit Least Squares TLS 1.32 (5 Apr 2024)
Creating model cache for 37 durations
Searching 11086 data points, 2035 periods from 0.601 to 11.514 days
Using 1 of 8 CPU threads
Searching for best T0 for period 0.67165 days
| aday yok
[48/200] TIC 405610999 S17 | aday yok
[49/200] TIC 405230872 S42 | aday yok
[50/200] TIC 117956157 S57 | aday yok

  === ILERLEME (50/200) ===
  Tamamlanan:   50
  Basarisiz:    0
  Aday bulunan: 14
  Onayli:       14
  Sure:         44.7 dk
  ETA:          134.1 dk

[51/200] TIC 238295659 S57 Transit Least Squares TLS 1.32 (5 Apr 2024)
Creating model cache for 38 durations
Searching 17952 data points, 2645 periods from 0.601 to 14.362 days
Using 1 of 8 CPU threads
Searching for best T0 for period 14.02976 days
| ADAY BULUNDU | Sinif A | Skor 100
[52/200] TIC 354529979 S17 | aday yok
[53/200] TIC 378533644 S58 | aday yok
[54/200] TIC 301790991 S57 | aday yok
[55/200] TIC 357392645 S42 Transit Least Squares TLS 1.32 (5 Apr 2024)
Creating model cache for 37 durations
Searching 11089 data points, 2035 periods from 0.601 to 11.514 days
Using 1 of 8 CPU threads
Searching for best T0 for period 1.65803 days
Transit Least Squares TLS 1.32 (5 Apr 2024)
Creating model cache for 37 durations
Searching 11089 data points, 2035 periods from 0.601 to 11.514 days
Using 1 of 8 CPU threads
Searching for best T0 for period 1.65803 days
| aday yok
[56/200] TIC 432548844 S17 Transit Least Squares TLS 1.32 (5 Apr 2024)
Creating model cache for 33 durations
Searching 13087 data points, 281 periods from 6.525 to 11.651 days
Using 1 of 8 CPU threads
Searching for best T0 for period 11.54540 days
Transit Least Squares TLS 1.32 (5 Apr 2024)
Creating model cache for 33 durations
Searching 13087 data points, 281 periods from 6.525 to 11.651 days
Using 1 of 8 CPU threads
Searching for best T0 for period 11.54540 days
| aday yok
[57/200] TIC 378650392 S58 Transit Least Squares TLS 1.32 (5 Apr 2024)
Creating model cache for 38 durations
Searching 19469 data points, 2535 periods from 0.601 to 13.855 days
Using 1 of 8 CPU threads
Searching for best T0 for period 4.85171 days
Transit Least Squares TLS 1.32 (5 Apr 2024)
Creating model cache for 38 durations
Searching 19469 data points, 2535 periods from 0.601 to 13.855 days
Using 1 of 8 CPU threads
Searching for best T0 for period 4.85171 days
| aday yok
[58/200] TIC 378582450 S17 | aday yok
[59/200] TIC 405186695 S42 Transit Least Squares TLS 1.32 (5 Apr 2024)
Creating model cache for 37 durations
Searching 11087 data points, 2035 periods from 0.601 to 11.514 days
Using 1 of 8 CPU threads
Searching for best T0 for period 1.00674 days
| ADAY BULUNDU | Sinif A | Skor 100
[60/200] TIC 326675379 S24 Transit Least Squares TLS 1.32 (5 Apr 2024)
Creating model cache for 38 durations
Searching 17191 data points, 2402 periods from 0.602 to 13.238 days
Using 1 of 8 CPU threads
Searching for best T0 for period 0.68142 days
Transit Least Squares TLS 1.32 (5 Apr 2024)
Creating model cache for 38 durations
Searching 17191 data points, 2402 periods from 0.602 to 13.238 days
Using 1 of 8 CPU threads
Searching for best T0 for period 0.68142 days
| aday yok

  === ILERLEME (60/200) ===
  Tamamlanan:   60
  Basarisiz:    0
  Aday bulunan: 16
  Onayli:       16
  Sure:         55.0 dk
  ETA:          128.2 dk

[61/200] TIC 201867995 S17 Transit Least Squares TLS 1.32 (5 Apr 2024)
Creating model cache for 37 durations
Searching 12824 data points, 2033 periods from 0.601 to 11.506 days
Using 1 of 8 CPU threads
Searching for best T0 for period 9.36864 days
Transit Least Squares TLS 1.32 (5 Apr 2024)
Creating model cache for 37 durations
Searching 12824 data points, 2033 periods from 0.601 to 11.506 days
Using 1 of 8 CPU threads
Searching for best T0 for period 9.36864 days
| aday yok
[62/200] TIC 405609794 S17 Transit Least Squares TLS 1.32 (5 Apr 2024)
Creating model cache for 37 durations
Searching 13085 data points, 2064 periods from 0.601 to 11.651 days
Using 1 of 8 CPU threads
Searching for best T0 for period 0.62416 days
| ADAY BULUNDU | Sinif A | Skor 100
[63/200] TIC 238304232 S57 Transit Least Squares TLS 1.32 (5 Apr 2024)
Creating model cache for 30 durations
Searching 17979 data points, 104 periods from 9.631 to 11.746 days
Using 1 of 8 CPU threads
Searching for best T0 for period 10.62900 days
Transit Least Squares TLS 1.32 (5 Apr 2024)
Creating model cache for 30 durations
Searching 17979 data points, 104 periods from 9.631 to 11.746 days
Using 1 of 8 CPU threads
Searching for best T0 for period 10.62900 days
| ADAY BULUNDU | Sinif A | Skor 100
[64/200] TIC 194303547 S17 | aday yok
[65/200] TIC 396383738 S57 | aday yok
[66/200] TIC 378648084 S17 | aday yok
[67/200] TIC 118003937 S57 | aday yok
[68/200] TIC 378528263 S17 | aday yok
[69/200] TIC 238302153 S57 Transit Least Squares TLS 1.32 (5 Apr 2024)
Creating model cache for 22 durations
Searching 17979 data points, 164 periods from 1.063 to 1.299 days
Using 1 of 8 CPU threads
Searching for best T0 for period 1.18996 days
Transit Least Squares TLS 1.32 (5 Apr 2024)
Creating model cache for 22 durations
Searching 17979 data points, 164 periods from 1.063 to 1.299 days
Using 1 of 8 CPU threads
Searching for best T0 for period 1.18996 days
| ADAY BULUNDU | Sinif A | Skor 100
[70/200] TIC 257501838 S42 Transit Least Squares TLS 1.32 (5 Apr 2024)
Creating model cache for 37 durations
Searching 11459 data points, 2069 periods from 0.602 to 11.679 days
Using 1 of 8 CPU threads
Searching for best T0 for period 0.66546 days
| ADAY BULUNDU | Sinif A | Skor 100

  === ILERLEME (70/200) ===
  Tamamlanan:   70
  Basarisiz:    0
  Aday bulunan: 20
  Onayli:       20
  Sure:         64.2 dk
  ETA:          119.3 dk

[71/200] TIC 456502281 S83 | aday yok
[72/200] TIC 380157341 S84 Transit Least Squares TLS 1.32 (5 Apr 2024)
Creating model cache for 38 durations
Searching 14796 data points, 2323 periods from 0.602 to 12.871 days
Using 1 of 8 CPU threads
Searching for best T0 for period 6.19315 days
Transit Least Squares TLS 1.32 (5 Apr 2024)
Creating model cache for 38 durations
Searching 14796 data points, 2323 periods from 0.602 to 12.871 days
Using 1 of 8 CPU threads
Searching for best T0 for period 6.19315 days
| aday yok
[73/200] TIC 177699087 S57 Transit Least Squares TLS 1.32 (5 Apr 2024)
Creating model cache for 38 durations
Searching 17976 data points, 2648 periods from 0.601 to 14.376 days
Using 1 of 8 CPU threads
Searching for best T0 for period 2.48821 days
Transit Least Squares TLS 1.32 (5 Apr 2024)
Creating model cache for 38 durations
Searching 17976 data points, 2648 periods from 0.601 to 14.376 days
Using 1 of 8 CPU threads
Searching for best T0 for period 2.48821 days
| aday yok
[74/200] TIC 257468602 S42 | aday yok
[75/200] TIC 380152794 S57 | aday yok
[76/200] TIC 238390147 S57 | aday yok
[77/200] TIC 117929446 S57 Transit Least Squares TLS 1.32 (5 Apr 2024)
Creating model cache for 38 durations
Searching 17979 data points, 2648 periods from 0.601 to 14.375 days
Using 1 of 8 CPU threads
Searching for best T0 for period 13.72185 days
| ADAY BULUNDU | Sinif A | Skor 100
[78/200] TIC 117929290 S57 | aday yok
[79/200] TIC 407335307 S17 Transit Least Squares TLS 1.32 (5 Apr 2024)
Creating model cache for 37 durations
Searching 13085 data points, 2063 periods from 0.602 to 11.651 days
Using 1 of 8 CPU threads
Searching for best T0 for period 11.04458 days
| ADAY BULUNDU | Sinif A | Skor 100
[80/200] TIC 201786935 S57 Transit Least Squares TLS 1.32 (5 Apr 2024)
Creating model cache for 38 durations
Searching 17977 data points, 2648 periods from 0.601 to 14.376 days
Using 1 of 8 CPU threads
Searching for best T0 for period 1.13943 days
Transit Least Squares TLS 1.32 (5 Apr 2024)
Creating model cache for 38 durations
Searching 17977 data points, 2648 periods from 0.601 to 14.376 days
Using 1 of 8 CPU threads
Searching for best T0 for period 1.13943 days
| aday yok

  === ILERLEME (80/200) ===
  Tamamlanan:   80
  Basarisiz:    0
  Aday bulunan: 22
  Onayli:       22
  Sure:         75.7 dk
  ETA:          113.5 dk

[81/200] TIC 354532520 S17 Transit Least Squares TLS 1.32 (5 Apr 2024)
Creating model cache for 30 durations
Searching 13019 data points, 109 periods from 8.937 to 10.895 days
Using 1 of 8 CPU threads
Searching for best T0 for period 9.90566 days
Transit Least Squares TLS 1.32 (5 Apr 2024)
Creating model cache for 30 durations
Searching 13019 data points, 109 periods from 8.937 to 10.895 days
Using 1 of 8 CPU threads
Searching for best T0 for period 9.90566 days
| ADAY BULUNDU | Sinif A | Skor 100
[82/200] TIC 373059236 S17 | aday yok
[83/200] TIC 194302165 S84 | aday yok
[84/200] TIC 258913080 S57 Transit Least Squares TLS 1.32 (5 Apr 2024)
Creating model cache for 38 durations
Searching 17979 data points, 2648 periods from 0.601 to 14.375 days
Using 1 of 8 CPU threads
Searching for best T0 for period 0.86510 days
Transit Least Squares TLS 1.32 (5 Apr 2024)
Creating model cache for 38 durations
Searching 17979 data points, 2648 periods from 0.601 to 14.375 days
Using 1 of 8 CPU threads
Searching for best T0 for period 0.86510 days
| aday yok
[85/200] TIC 439961238 S17 | aday yok
[86/200] TIC 403023624 S42 | aday yok
[87/200] TIC 117953973 S57 | aday yok
[88/200] TIC 403021471 S43 | aday yok
[89/200] TIC 456481802 S83 Transit Least Squares TLS 1.32 (5 Apr 2024)
Creating model cache for 37 durations
Searching 17318 data points, 2235 periods from 0.601 to 12.456 days
Using 1 of 8 CPU threads
Searching for best T0 for period 11.78015 days
Transit Least Squares TLS 1.32 (5 Apr 2024)
Creating model cache for 37 durations
Searching 17318 data points, 2235 periods from 0.601 to 12.456 days
Using 1 of 8 CPU threads
Searching for best T0 for period 11.78015 days
| aday yok
[90/200] TIC 201523915 S57 Transit Least Squares TLS 1.32 (5 Apr 2024)
Creating model cache for 38 durations
Searching 17132 data points, 2648 periods from 0.601 to 14.376 days
Using 1 of 8 CPU threads
Searching for best T0 for period 12.70942 days
Transit Least Squares TLS 1.32 (5 Apr 2024)
Creating model cache for 38 durations
Searching 17132 data points, 2648 periods from 0.601 to 14.376 days
Using 1 of 8 CPU threads
Searching for best T0 for period 12.70942 days
| aday yok

  === ILERLEME (90/200) ===
  Tamamlanan:   90
  Basarisiz:    0
  Aday bulunan: 23
  Onayli:       23
  Sure:         86.8 dk
  ETA:          106.0 dk

[91/200] TIC 201524360 S57 | aday yok
[92/200] TIC 84015723 S17 | aday yok
[93/200] TIC 373133845 S58 | aday yok
[94/200] TIC 439942975 S17 Transit Least Squares TLS 1.32 (5 Apr 2024)
Creating model cache for 32 durations
Searching 13069 data points, 172 periods from 7.488 to 11.651 days
Using 1 of 8 CPU threads
Searching for best T0 for period 11.65129 days
Transit Least Squares TLS 1.32 (5 Apr 2024)
Creating model cache for 32 durations
Searching 13069 data points, 172 periods from 7.488 to 11.651 days
Using 1 of 8 CPU threads
Searching for best T0 for period 11.65129 days
| aday yok
[95/200] TIC 380156744 S57 | aday yok
[96/200] TIC 357392128 S42 Transit Least Squares TLS 1.32 (5 Apr 2024)
Creating model cache for 32 durations
Searching 11090 data points, 207 periods from 7.131 to 11.514 days
Using 1 of 8 CPU threads
Searching for best T0 for period 7.13088 days
Transit Least Squares TLS 1.32 (5 Apr 2024)
Creating model cache for 32 durations
Searching 11090 data points, 207 periods from 7.131 to 11.514 days
Using 1 of 8 CPU threads
Searching for best T0 for period 7.13088 days
| ADAY BULUNDU | Sinif A | Skor 100
[97/200] TIC 201702414 S57 | aday yok
[98/200] TIC 427687072 S83 | aday yok
[99/200] TIC 301788593 S57 Transit Least Squares TLS 1.32 (5 Apr 2024)
Creating model cache for 38 durations
Searching 17979 data points, 2648 periods from 0.601 to 14.375 days
Using 1 of 8 CPU threads
Searching for best T0 for period 0.65151 days
Transit Least Squares TLS 1.32 (5 Apr 2024)
Creating model cache for 38 durations
Searching 17979 data points, 2648 periods from 0.601 to 14.375 days
Using 1 of 8 CPU threads
Searching for best T0 for period 0.65151 days
| aday yok
[100/200] TIC 408503652 S70 | aday yok

  === ILERLEME (100/200) ===
  Tamamlanan:   100
  Basarisiz:    0
  Aday bulunan: 24
  Onayli:       24
  Sure:         96.2 dk
  ETA:          96.2 dk

[101/200] TIC 456502628 S83 | aday yok
[102/200] TIC 258867386 S57 | aday yok
[103/200] TIC 405266660 S42 Transit Least Squares TLS 1.32 (5 Apr 2024)
Creating model cache for 20 durations
Searching 11090 data points, 166 periods from 0.874 to 1.067 days
Using 1 of 8 CPU threads
Searching for best T0 for period 0.96802 days
Transit Least Squares TLS 1.32 (5 Apr 2024)
Creating model cache for 20 durations
Searching 11090 data points, 166 periods from 0.874 to 1.067 days
Using 1 of 8 CPU threads
Searching for best T0 for period 0.96802 days
| ADAY BULUNDU | Sinif A | Skor 100
[104/200] TIC 388601271 S52 | aday yok
[105/200] TIC 201648556 S57 | aday yok
[106/200] TIC 373064651 S18 | aday yok
[107/200] TIC 407335667 S17 Transit Least Squares TLS 1.32 (5 Apr 2024)
Creating model cache for 37 durations
Searching 13086 data points, 2063 periods from 0.602 to 11.651 days
Using 1 of 8 CPU threads
Searching for best T0 for period 1.62435 days
Transit Least Squares TLS 1.32 (5 Apr 2024)
Creating model cache for 37 durations
Searching 13086 data points, 2063 periods from 0.602 to 11.651 days
Using 1 of 8 CPU threads
Searching for best T0 for period 1.62435 days
| ADAY BULUNDU | Sinif A | Skor 100
[108/200] TIC 194258479 S17 | aday yok
[109/200] TIC 201891971 S17 Transit Least Squares TLS 1.32 (5 Apr 2024)
Creating model cache for 37 durations
Searching 12857 data points, 2033 periods from 0.601 to 11.506 days
Using 1 of 8 CPU threads
Searching for best T0 for period 0.66540 days
Transit Least Squares TLS 1.32 (5 Apr 2024)
Creating model cache for 37 durations
Searching 12857 data points, 2033 periods from 0.601 to 11.506 days
Using 1 of 8 CPU threads
Searching for best T0 for period 0.66540 days
| aday yok
[110/200] TIC 201693184 S17 Transit Least Squares TLS 1.32 (5 Apr 2024)
Creating model cache for 37 durations
Searching 12861 data points, 2033 periods from 0.601 to 11.506 days
Using 1 of 8 CPU threads
Searching for best T0 for period 1.54100 days
| ADAY BULUNDU | Sinif A | Skor 90

  === ILERLEME (110/200) ===
  Tamamlanan:   110
  Basarisiz:    0
  Aday bulunan: 27
  Onayli:       27
  Sure:         106.0 dk
  ETA:          86.7 dk

[111/200] TIC 22528010 S17 Transit Least Squares TLS 1.32 (5 Apr 2024)
Creating model cache for 37 durations
Searching 13019 data points, 2083 periods from 0.601 to 11.741 days
Using 1 of 8 CPU threads
Searching for best T0 for period 1.28074 days
Transit Least Squares TLS 1.32 (5 Apr 2024)
Creating model cache for 37 durations
Searching 13019 data points, 2083 periods from 0.601 to 11.741 days
Using 1 of 8 CPU threads
Searching for best T0 for period 1.28074 days
| ADAY BULUNDU | Sinif A | Skor 100
[112/200] TIC 293257184 S42 Transit Least Squares TLS 1.32 (5 Apr 2024)
Creating model cache for 37 durations
Searching 11084 data points, 2035 periods from 0.601 to 11.514 days
Using 1 of 8 CPU threads
Searching for best T0 for period 5.85421 days
Transit Least Squares TLS 1.32 (5 Apr 2024)
Creating model cache for 37 durations
Searching 11084 data points, 2035 periods from 0.601 to 11.514 days
Using 1 of 8 CPU threads
Searching for best T0 for period 5.85421 days
| aday yok
[113/200] TIC 194205862 S17 | aday yok
[114/200] TIC 238432027 S17 | aday yok
[115/200] TIC 257503666 S42 Transit Least Squares TLS 1.32 (5 Apr 2024)
Creating model cache for 37 durations
Searching 11261 data points, 2066 periods from 0.602 to 11.664 days
Using 1 of 8 CPU threads
Searching for best T0 for period 1.45329 days
Transit Least Squares TLS 1.32 (5 Apr 2024)
Creating model cache for 37 durations
Searching 11261 data points, 2066 periods from 0.602 to 11.664 days
Using 1 of 8 CPU threads
Searching for best T0 for period 1.45329 days
| ADAY BULUNDU | Sinif A | Skor 100
[116/200] TIC 439967307 S57 | aday yok
[117/200] TIC 403024121 S42 | aday yok
[118/200] TIC 405268829 S42 | aday yok
[119/200] TIC 201524325 S57 Transit Least Squares TLS 1.32 (5 Apr 2024)
Creating model cache for 38 durations
Searching 17979 data points, 2648 periods from 0.601 to 14.376 days
Using 1 of 8 CPU threads
Searching for best T0 for period 0.60488 days
Transit Least Squares TLS 1.32 (5 Apr 2024)
Creating model cache for 38 durations
Searching 17979 data points, 2648 periods from 0.601 to 14.376 days
Using 1 of 8 CPU threads
Searching for best T0 for period 0.60488 days
| aday yok
[120/200] TIC 405291867 S42 | aday yok

  === ILERLEME (120/200) ===
  Tamamlanan:   120
  Basarisiz:    0
  Aday bulunan: 29
  Onayli:       29
  Sure:         114.9 dk
  ETA:          76.6 dk

[121/200] TIC 407335832 S57 | aday yok
[122/200] TIC 58720036 S42 | aday yok
[123/200] TIC 395320482 S42 Transit Least Squares TLS 1.32 (5 Apr 2024)
Creating model cache for 31 durations
Searching 11090 data points, 156 periods from 8.464 to 11.514 days
Using 1 of 8 CPU threads
Searching for best T0 for period 8.46445 days
Transit Least Squares TLS 1.32 (5 Apr 2024)
Creating model cache for 31 durations
Searching 11090 data points, 156 periods from 8.464 to 11.514 days
Using 1 of 8 CPU threads
Searching for best T0 for period 8.46445 days
| ADAY BULUNDU | Sinif A | Skor 100
[124/200] TIC 258877973 S57 Transit Least Squares TLS 1.32 (5 Apr 2024)
Creating model cache for 32 durations
Searching 17978 data points, 173 periods from 9.272 to 14.375 days
Using 1 of 8 CPU threads
Searching for best T0 for period 13.94987 days
Transit Least Squares TLS 1.32 (5 Apr 2024)
Creating model cache for 32 durations
Searching 17978 data points, 173 periods from 9.272 to 14.375 days
Using 1 of 8 CPU threads
Searching for best T0 for period 13.94987 days
| aday yok
[125/200] TIC 201571853 S17 | aday yok
[126/200] TIC 258866973 S57 | aday yok
[127/200] TIC 378474491 S52 Transit Least Squares TLS 1.32 (5 Apr 2024)
Creating model cache for 37 durations
Searching 15331 data points, 2184 periods from 0.601 to 12.216 days
Using 1 of 8 CPU threads
Searching for best T0 for period 1.18810 days
Transit Least Squares TLS 1.32 (5 Apr 2024)
Creating model cache for 37 durations
Searching 15331 data points, 2184 periods from 0.601 to 12.216 days
Using 1 of 8 CPU threads
Searching for best T0 for period 1.18810 days
| ADAY BULUNDU | Sinif A | Skor 100
[128/200] TIC 432549056 S17 Transit Least Squares TLS 1.32 (5 Apr 2024)
Creating model cache for 17 durations
Searching 13069 data points, 250 periods from 0.525 to 0.641 days
Using 1 of 8 CPU threads
Searching for best T0 for period 0.58286 days
Transit Least Squares TLS 1.32 (5 Apr 2024)
Creating model cache for 17 durations
Searching 13069 data points, 250 periods from 0.525 to 0.641 days
Using 1 of 8 CPU threads
Searching for best T0 for period 0.58286 days
| ADAY BULUNDU | Sinif A | Skor 100
[129/200] TIC 293257825 S42 | aday yok
[130/200] TIC 427687054 S83 Transit Least Squares TLS 1.32 (5 Apr 2024)
Creating model cache for 37 durations
Searching 17324 data points, 2235 periods from 0.601 to 12.456 days
Using 1 of 8 CPU threads
Searching for best T0 for period 1.00603 days
| ADAY BULUNDU | Sinif A | Skor 100

  === ILERLEME (130/200) ===
  Tamamlanan:   130
  Basarisiz:    0
  Aday bulunan: 33
  Onayli:       33
  Sure:         124.5 dk
  ETA:          67.1 dk

[131/200] TIC 238300268 S57 | aday yok
[132/200] TIC 118005959 S57 | aday yok
[133/200] TIC 439966406 S17 Transit Least Squares TLS 1.32 (5 Apr 2024)
Creating model cache for 37 durations
Searching 13087 data points, 2064 periods from 0.601 to 11.651 days
Using 1 of 8 CPU threads
Searching for best T0 for period 11.56605 days
Transit Least Squares TLS 1.32 (5 Apr 2024)
Creating model cache for 37 durations
Searching 13087 data points, 2064 periods from 0.601 to 11.651 days
Using 1 of 8 CPU threads
Searching for best T0 for period 11.56605 days
| ADAY BULUNDU | Sinif A | Skor 100
[134/200] TIC 201693582 S17 | aday yok
[135/200] TIC 259255514 S17 Transit Least Squares TLS 1.32 (5 Apr 2024)
Creating model cache for 37 durations
Searching 13083 data points, 2064 periods from 0.601 to 11.651 days
Using 1 of 8 CPU threads
Searching for best T0 for period 7.41340 days
Transit Least Squares TLS 1.32 (5 Apr 2024)
Creating model cache for 37 durations
Searching 13083 data points, 2064 periods from 0.601 to 11.651 days
Using 1 of 8 CPU threads
Searching for best T0 for period 7.41340 days
| ADAY BULUNDU | Sinif A | Skor 100
[136/200] TIC 238301837 S57 Transit Least Squares TLS 1.32 (5 Apr 2024)
Creating model cache for 38 durations
Searching 17910 data points, 2648 periods from 0.601 to 14.375 days
Using 1 of 8 CPU threads
Searching for best T0 for period 9.75820 days
Transit Least Squares TLS 1.32 (5 Apr 2024)
Creating model cache for 38 durations
Searching 17910 data points, 2648 periods from 0.601 to 14.375 days
Using 1 of 8 CPU threads
Searching for best T0 for period 9.75820 days
| aday yok
[137/200] TIC 439961937 S17 Transit Least Squares TLS 1.32 (5 Apr 2024)
Creating model cache for 37 durations
Searching 13084 data points, 2064 periods from 0.601 to 11.651 days
Using 1 of 8 CPU threads
Searching for best T0 for period 6.02266 days
Transit Least Squares TLS 1.32 (5 Apr 2024)
Creating model cache for 37 durations
Searching 13084 data points, 2064 periods from 0.601 to 11.651 days
Using 1 of 8 CPU threads
Searching for best T0 for period 6.02266 days
| aday yok
[138/200] TIC 259191926 S57 | aday yok
[139/200] TIC 437731913 S17 | aday yok
[140/200] TIC 405246553 S83 | aday yok

  === ILERLEME (140/200) ===
  Tamamlanan:   140
  Basarisiz:    0
  Aday bulunan: 35
  Onayli:       35
  Sure:         134.8 dk
  ETA:          57.8 dk

[141/200] TIC 359043182 S85 Transit Least Squares TLS 1.32 (5 Apr 2024)
Creating model cache for 37 durations
Searching 12527 data points, 2295 periods from 0.602 to 12.74 days
Using 1 of 8 CPU threads
Searching for best T0 for period 0.68552 days
| ADAY BULUNDU | Sinif A | Skor 100
[142/200] TIC 395316777 S83 | aday yok
[143/200] TIC 22503801 S17 | aday yok
[144/200] TIC 380153126 S57 | aday yok
[145/200] TIC 83958869 S17 | aday yok
[146/200] TIC 301788720 S57 | aday yok
[147/200] TIC 352177545 S17 | aday yok
[148/200] TIC 194257387 S57 | aday yok
[149/200] TIC 354593915 S17 Transit Least Squares TLS 1.32 (5 Apr 2024)
Creating model cache for 37 durations
Searching 13021 data points, 2083 periods from 0.601 to 11.741 days
Using 1 of 8 CPU threads
Searching for best T0 for period 3.35127 days
Transit Least Squares TLS 1.32 (5 Apr 2024)
Creating model cache for 37 durations
Searching 13021 data points, 2083 periods from 0.601 to 11.741 days
Using 1 of 8 CPU threads
Searching for best T0 for period 3.35127 days
| aday yok
[150/200] TIC 258876983 S57 | aday yok

  === ILERLEME (150/200) ===
  Tamamlanan:   150
  Basarisiz:    0
  Aday bulunan: 36
  Onayli:       36
  Sure:         143.9 dk
  ETA:          48.0 dk

[151/200] TIC 201501417 S57 | aday yok
[152/200] TIC 373237543 S52 | aday yok
[153/200] TIC 357391170 S57 Transit Least Squares TLS 1.32 (5 Apr 2024)
Creating model cache for 38 durations
Searching 17979 data points, 2648 periods from 0.601 to 14.375 days
Using 1 of 8 CPU threads
Searching for best T0 for period 12.97264 days
| ADAY BULUNDU | Sinif A | Skor 100
[154/200] TIC 293223913 S70 | aday yok
[155/200] TIC 83959472 S17 Transit Least Squares TLS 1.32 (5 Apr 2024)
Creating model cache for 30 durations
Searching 13078 data points, 104 periods from 8.656 to 10.567 days
Using 1 of 8 CPU threads
Searching for best T0 for period 9.59412 days
Transit Least Squares TLS 1.32 (5 Apr 2024)
Creating model cache for 30 durations
Searching 13078 data points, 104 periods from 8.656 to 10.567 days
Using 1 of 8 CPU threads
Searching for best T0 for period 9.59412 days
| ADAY BULUNDU | Sinif A | Skor 100
[156/200] TIC 439935341 S17 | aday yok
[157/200] TIC 282876448 S84 | aday yok
[158/200] TIC 357350780 S42 | aday yok
[159/200] TIC 357353145 S42 | aday yok
[160/200] TIC 257467741 S70 | aday yok

  === ILERLEME (160/200) ===
  Tamamlanan:   160
  Basarisiz:    0
  Aday bulunan: 38
  Onayli:       38
  Sure:         152.0 dk
  ETA:          38.0 dk

[161/200] TIC 437731963 S17 Transit Least Squares TLS 1.32 (5 Apr 2024)
Creating model cache for 37 durations
Searching 13009 data points, 2083 periods from 0.601 to 11.741 days
Using 1 of 8 CPU threads
Searching for best T0 for period 6.27023 days
Transit Least Squares TLS 1.32 (5 Apr 2024)
Creating model cache for 37 durations
Searching 13009 data points, 2083 periods from 0.601 to 11.741 days
Using 1 of 8 CPU threads
Searching for best T0 for period 6.27023 days
| aday yok
[162/200] TIC 439941493 S57 | aday yok
[163/200] TIC 238296681 S57 | aday yok
[164/200] TIC 22468142 S17 | aday yok
[165/200] TIC 22528024 S17 | aday yok
[166/200] TIC 611061025 S42 Transit Least Squares TLS 1.32 (5 Apr 2024)
Creating model cache for 37 durations
Searching 11263 data points, 2066 periods from 0.601 to 11.664 days
Using 1 of 8 CPU threads
Searching for best T0 for period 9.62482 days
Transit Least Squares TLS 1.32 (5 Apr 2024)
Creating model cache for 37 durations
Searching 11263 data points, 2066 periods from 0.601 to 11.664 days
Using 1 of 8 CPU threads
Searching for best T0 for period 9.62482 days
| ADAY BULUNDU | Sinif A | Skor 100
[167/200] TIC 373144098 S18 | aday yok
[168/200] TIC 301789937 S57 Transit Least Squares TLS 1.32 (5 Apr 2024)
Creating model cache for 38 durations
Searching 17978 data points, 2648 periods from 0.601 to 14.375 days
Using 1 of 8 CPU threads
Searching for best T0 for period 4.70374 days
Transit Least Squares TLS 1.32 (5 Apr 2024)
Creating model cache for 38 durations
Searching 17978 data points, 2648 periods from 0.601 to 14.375 days
Using 1 of 8 CPU threads
Searching for best T0 for period 4.70374 days
| aday yok
[169/200] TIC 405267612 S42 | aday yok
[170/200] TIC 194304288 S17 Transit Least Squares TLS 1.32 (5 Apr 2024)
Creating model cache for 37 durations
Searching 12944 data points, 2045 periods from 0.601 to 11.563 days
Using 1 of 8 CPU threads
Searching for best T0 for period 9.89222 days
Transit Least Squares TLS 1.32 (5 Apr 2024)
Creating model cache for 37 durations
Searching 12944 data points, 2045 periods from 0.601 to 11.563 days
Using 1 of 8 CPU threads
Searching for best T0 for period 9.89222 days
| ADAY BULUNDU | Sinif A | Skor 100

  === ILERLEME (170/200) ===
  Tamamlanan:   170
  Basarisiz:    0
  Aday bulunan: 40
  Onayli:       40
  Sure:         161.2 dk
  ETA:          28.4 dk

[171/200] TIC 83955820 S17 | aday yok
[172/200] TIC 258876978 S57 | aday yok
[173/200] TIC 456482699 S42 | aday yok
[174/200] TIC 408505170 S42 Transit Least Squares TLS 1.32 (5 Apr 2024)
Creating model cache for 32 durations
Searching 11063 data points, 199 periods from 6.76 to 11.511 days
Using 1 of 8 CPU threads
Searching for best T0 for period 11.31010 days
Transit Least Squares TLS 1.32 (5 Apr 2024)
Creating model cache for 32 durations
Searching 11063 data points, 199 periods from 6.76 to 11.511 days
Using 1 of 8 CPU threads
Searching for best T0 for period 11.31010 days
| aday yok
[175/200] TIC 83957915 S17 Transit Least Squares TLS 1.32 (5 Apr 2024)
Creating model cache for 32 durations
Searching 13009 data points, 184 periods from 7.626 to 11.739 days
Using 1 of 8 CPU threads
Searching for best T0 for period 10.36851 days
Transit Least Squares TLS 1.32 (5 Apr 2024)
Creating model cache for 32 durations
Searching 13009 data points, 184 periods from 7.626 to 11.739 days
Using 1 of 8 CPU threads
Searching for best T0 for period 10.36851 days
| aday yok
[176/200] TIC 201891537 S17 Transit Least Squares TLS 1.32 (5 Apr 2024)
Creating model cache for 37 durations
Searching 12858 data points, 2033 periods from 0.601 to 11.506 days
Using 1 of 8 CPU threads
Searching for best T0 for period 0.79849 days
Transit Least Squares TLS 1.32 (5 Apr 2024)
Creating model cache for 37 durations
Searching 12858 data points, 2033 periods from 0.601 to 11.506 days
Using 1 of 8 CPU threads
Searching for best T0 for period 0.79849 days
| ADAY BULUNDU | Sinif A | Skor 100
[177/200] TIC 461579208 S18 | aday yok
[178/200] TIC 258868959 S57 | aday yok
[179/200] TIC 283027405 S57 | aday yok
[180/200] TIC 380157434 S84 | aday yok

  === ILERLEME (180/200) ===
  Tamamlanan:   180
  Basarisiz:    0
  Aday bulunan: 41
  Onayli:       41
  Sure:         169.4 dk
  ETA:          18.8 dk

[181/200] TIC 380156888 S57 | aday yok
[182/200] TIC 201517645 S57 | aday yok
[183/200] TIC 352176774 S17 | aday yok
[184/200] TIC 408506012 S42 | aday yok
[185/200] TIC 388635146 S52 | aday yok
[186/200] TIC 439967376 S57 | aday yok
[187/200] TIC 117956500 S57 | aday yok
[188/200] TIC 201691765 S17 | aday yok
[189/200] TIC 403021802 S42 | aday yok
[190/200] TIC 357331123 S42 | aday yok

  === ILERLEME (190/200) ===
  Tamamlanan:   190
  Basarisiz:    0
  Aday bulunan: 41
  Onayli:       41
  Sure:         177.2 dk
  ETA:          9.3 dk

[191/200] TIC 293223917 S70 Transit Least Squares TLS 1.32 (5 Apr 2024)
Creating model cache for 30 durations
Searching 14669 data points, 124 periods from 9.391 to 12.112 days
Using 1 of 8 CPU threads
Searching for best T0 for period 9.39119 days
Transit Least Squares TLS 1.32 (5 Apr 2024)
Creating model cache for 30 durations
Searching 14669 data points, 124 periods from 9.391 to 12.112 days
Using 1 of 8 CPU threads
Searching for best T0 for period 9.39119 days
| ADAY BULUNDU | Sinif A | Skor 100
[192/200] TIC 257523218 S70 | aday yok
[193/200] TIC 117954736 S57 | aday yok
[194/200] TIC 257525320 S70 | aday yok
[195/200] TIC 201442930 S57 Transit Least Squares TLS 1.32 (5 Apr 2024)
Creating model cache for 31 durations
Searching 17978 data points, 109 periods from 10.733 to 14.376 days
Using 1 of 8 CPU threads
Searching for best T0 for period 14.13341 days
Transit Least Squares TLS 1.32 (5 Apr 2024)
Creating model cache for 31 durations
Searching 17978 data points, 109 periods from 10.733 to 14.376 days
Using 1 of 8 CPU threads
Searching for best T0 for period 14.13341 days
| aday yok
[196/200] TIC 238300343 S84 | aday yok
[197/200] TIC 432485132 S17 | aday yok
[198/200] TIC 118004759 S57 | aday yok
[199/200] TIC 259258545 S17 | aday yok
[200/200] TIC 117928464 S57 Transit Least Squares TLS 1.32 (5 Apr 2024)
Creating model cache for 38 durations
Searching 17978 data points, 2648 periods from 0.601 to 14.375 days
Using 1 of 8 CPU threads
Searching for best T0 for period 2.51491 days
Transit Least Squares TLS 1.32 (5 Apr 2024)
Creating model cache for 38 durations
Searching 17978 data points, 2648 periods from 0.601 to 14.375 days
Using 1 of 8 CPU threads
Searching for best T0 for period 2.51491 days
| aday yok

  === ILERLEME (200/200) ===
  Tamamlanan:   200
  Basarisiz:    0
  Aday bulunan: 42
  Onayli:       42
  Sure:         186.5 dk
  ETA:          0.0 dk


========================================================================
  KESIF TARAMASI TAMAMLANDI
========================================================================
  Sure: 186.5 dk
  Basarili: 200
  Basarisiz: 0
  Aday bulunan: 42
  Onayli: 42

  Sonraki adim:
    python scripts/discovery/classify_novelty.py
========================================================================
