========================================================================
Science Priority Refinement
========================================================================
science_priority_bucket
LOW_PRIORITY              70
STANDARD_FOLLOWUP         10
SMALL_HOT                  9
SMALL_COOL_CORE            6
SMALL_COOL_SECOND_LOOK     3
Name: count, dtype: int64

    source_id  sector    period  planet_radius_rearth  equilibrium_temperature_k  snr_adopted candidate_class discovery_priority science_priority_bucket  science_priority_score                                                 science_priority_reason
TIC 405268435      42  1.130168              7.996693                2762.648585    33.826918               A             REJECT            LOW_PRIORITY                      50                                         class A; snr>=20; multi-transit
TIC 359124667      17  1.599330              4.240955                3448.433477    11.584776               C          WATCHLIST            LOW_PRIORITY                      40                              watchlist; class C; snr>=10; multi-transit
TIC 301788593      57  0.651508              4.786384                3884.390608    10.914110               C          WATCHLIST            LOW_PRIORITY                      40                              watchlist; class C; snr>=10; multi-transit
TIC 432548844      17 11.545397              3.623640                 772.112144    16.288481               C          WATCHLIST            LOW_PRIORITY                      35                                watchlist; class C; snr>=10; 3+ transits
TIC 408505170      42 11.310099              4.579246                 815.214208    14.885314               C          WATCHLIST            LOW_PRIORITY                      35                                watchlist; class C; snr>=10; 3+ transits
TIC 293223917      70  9.369874              3.194863                 791.633462     7.975186               A             REJECT            LOW_PRIORITY                      35                                          class A; snr>=7.5; 3+ transits
TIC 380157341      84  6.193151              7.849613                1464.923209    23.885089               C          WATCHLIST            LOW_PRIORITY                      32    watchlist; class C; snr>=20; 3+ transits; moderate odd-even mismatch
TIC 201867995      17  9.368644             13.370277                1255.506484    23.389776               C             REJECT            LOW_PRIORITY                      30                                           class C; snr>=20; 3+ transits
TIC 201524325      57  0.604885              8.091352                3879.582709    12.839906               C             REJECT            LOW_PRIORITY                      30                                         class C; snr>=10; multi-transit
 TIC 83957915      17 10.368509              3.433490                 904.718978     8.402676               C          WATCHLIST            LOW_PRIORITY                      30                               watchlist; class C; snr>=7.5; 3+ transits
TIC 259258109      57  4.830457              3.577133                2093.099593     5.643677               C          WATCHLIST            LOW_PRIORITY                      30                             watchlist; class C; snr>=5.5; multi-transit
TIC 201891537      17  0.809671              2.146671                2774.068158     5.044788               A             REJECT            LOW_PRIORITY                      30                                                  class A; multi-transit
 TIC 22528010      17  1.305897              1.709896                2154.716341     2.844119               A             REJECT            LOW_PRIORITY                      30                                                  class A; multi-transit
TIC 257503666      42  1.449371              0.810412                1963.579904     2.815009               A             REJECT            LOW_PRIORITY                      30                                                  class A; multi-transit
TIC 201523915      57 12.709417              7.699299                1464.083422    18.225857               C          WATCHLIST            LOW_PRIORITY                      27    watchlist; class C; snr>=10; 3+ transits; moderate odd-even mismatch
TIC 439961937      17  6.022659              2.165857                1104.997621     5.869558               C          WATCHLIST            LOW_PRIORITY                      25                               watchlist; class C; snr>=5.5; 3+ transits
TIC 439961270      17  6.278583              2.525650                1482.628088     5.753588               C          WATCHLIST            LOW_PRIORITY                      25                               watchlist; class C; snr>=5.5; 3+ transits
TIC 259255514      17  7.435512              1.451324                1057.029093     5.099776               A             REJECT            LOW_PRIORITY                      25                                                    class A; 3+ transits
TIC 439966406      17 11.528281              2.322764                 855.620721     4.887945               A             REJECT            LOW_PRIORITY                      25                                                    class A; 3+ transits
TIC 258913532      57  8.375168              0.869463                 897.019913     4.621740               A             REJECT            LOW_PRIORITY                      25                                                    class A; 3+ transits
TIC 238304232      57 10.651858              0.908736                 728.663590     1.463622               A             REJECT            LOW_PRIORITY                      25                                                    class A; 3+ transits
TIC 258913080      57  0.865096              4.605348                3145.957377     7.169756               C          WATCHLIST            LOW_PRIORITY                      22 watchlist; class C; snr>=5.5; multi-transit; moderate odd-even mismatch
TIC 238295659      57 14.026408              3.734906                1243.145577     6.990290               A             REJECT            LOW_PRIORITY                      22              class A; snr>=5.5; 3+ transits; moderate odd-even mismatch
TIC 117928464      57  2.514908              1.652063                1340.845245     5.560679               C          WATCHLIST            LOW_PRIORITY                      22 watchlist; class C; snr>=5.5; multi-transit; moderate odd-even mismatch
TIC 378650392      58  4.851709              2.715454                1815.382109     5.546747               C          WATCHLIST            LOW_PRIORITY                      22 watchlist; class C; snr>=5.5; multi-transit; moderate odd-even mismatch
TIC 439942975      17 11.651285              4.659972                 938.225237     5.819589               C          WATCHLIST            LOW_PRIORITY                      20                                            watchlist; class C; snr>=5.5
TIC 258877973      57 13.949869              2.787227                1006.774786     5.739450               C          WATCHLIST            LOW_PRIORITY                      20                                            watchlist; class C; snr>=5.5
TIC 258866681      57 10.447392              0.941490                 706.791437     5.138578               C          WATCHLIST            LOW_PRIORITY                      20                                         watchlist; class C; 3+ transits
TIC 354594372      17  5.373691              1.688446                1312.776077     4.756107               C             REJECT            LOW_PRIORITY                      15                                                  class C; multi-transit
TIC 201786935      57  1.139433              1.224379                2125.613836     4.532692               C             REJECT            LOW_PRIORITY                      15                                                  class C; multi-transit
TIC 357392645      42  1.658026              2.619207                2645.218539     4.499917               C             REJECT            LOW_PRIORITY                      15                                                  class C; multi-transit
TIC 347303291      57  0.669714              1.540168                3677.290597     4.041752               C             REJECT            LOW_PRIORITY                      15                                                  class C; multi-transit
TIC 354593915      17  3.351269              1.801098                1375.989949     3.776180               C             REJECT            LOW_PRIORITY                      15                                                  class C; multi-transit
TIC 301789937      57  4.703739              2.714462                1497.333678     3.635838               C             REJECT            LOW_PRIORITY                      15                                                  class C; multi-transit
TIC 177699087      57  2.488205              1.863130                1963.378576     3.559514               C             REJECT            LOW_PRIORITY                      15                                                  class C; multi-transit
TIC 378534800      17  0.644648              0.865931                2934.877857     3.435212               C             REJECT            LOW_PRIORITY                      15                                                  class C; multi-transit
TIC 439953532      17  0.700859              1.432276                3004.073643     2.414973               C             REJECT            LOW_PRIORITY                      15                                                  class C; multi-transit
TIC 293265564      42  0.671650              0.726804                2872.194705     1.301845               C             REJECT            LOW_PRIORITY                      15                                                  class C; multi-transit
TIC 293257184      42  5.854206              1.902663                 911.796312     5.483408               C          WATCHLIST            LOW_PRIORITY                      12             watchlist; class C; 3+ transits; moderate odd-even mismatch
TIC 238301314      57  7.209680              1.548488                1292.177929     4.751297               C             REJECT            LOW_PRIORITY                      10                                                    class C; 3+ transits

CSV: /mnt/c/Users/Gamze/Desktop/projects/AstroTransit/outputs_discovery/novel_candidates_science_prioritized.csv
Parquet: /mnt/c/Users/Gamze/Desktop/projects/AstroTransit/outputs_discovery/novel_candidates_science_prioritized.parquet
========================================================================
