========================================================================
  TOI-Disi Kesif Taramasi v2
========================================================================
  Toplam hedef: 50
  Gorsel: kapali
  Output: outputs_discovery/
========================================================================

[1/50] TIC 373236404 S18 Transit Least Squares TLS 1.32 (5 Apr 2024)
Creating model cache for 37 durations
Searching 15118 data points, 2097 periods from 0.601 to 11.808 days
Using 1 of 8 CPU threads
Searching for best T0 for period 11.36081 days
Transit Least Squares TLS 1.32 (5 Apr 2024)
Creating model cache for 37 durations
Searching 15118 data points, 2097 periods from 0.601 to 11.808 days
Using 1 of 8 CPU threads
Searching for best T0 for period 11.36081 days
| aday yok
[2/50] TIC 373062137 S18 Transit Least Squares TLS 1.32 (5 Apr 2024)
Creating model cache for 37 durations
Searching 14981 data points, 2091 periods from 0.602 to 11.783 days
Using 1 of 8 CPU threads
Searching for best T0 for period 11.52828 days
| ADAY BULUNDU | Sinif A | Skor 100
[3/50] TIC 461408984 S17 | aday yok
[4/50] TIC 461585810 S18 Transit Least Squares TLS 1.32 (5 Apr 2024)
Creating model cache for 37 durations
Searching 14320 data points, 2044 periods from 0.601 to 11.558 days
Using 1 of 8 CPU threads
Searching for best T0 for period 3.48975 days
Transit Least Squares TLS 1.32 (5 Apr 2024)
Creating model cache for 37 durations
Searching 14320 data points, 2044 periods from 0.601 to 11.558 days
Using 1 of 8 CPU threads
Searching for best T0 for period 3.48975 days
| aday yok
[5/50] TIC 347304330 S57 | aday yok
[6/50] TIC 326682209 S57 Transit Least Squares TLS 1.32 (5 Apr 2024)
Creating model cache for 38 durations
Searching 17979 data points, 2648 periods from 0.601 to 14.376 days
Using 1 of 8 CPU threads
Searching for best T0 for period 14.13345 days
Transit Least Squares TLS 1.32 (5 Apr 2024)
Creating model cache for 38 durations
Searching 17979 data points, 2648 periods from 0.601 to 14.376 days
Using 1 of 8 CPU threads
Searching for best T0 for period 14.13345 days
| ADAY BULUNDU | Sinif A | Skor 100
[7/50] TIC 373149896 S18 | aday yok
[8/50] TIC 369730972 S57 | aday yok
[9/50] TIC 439949948 S17 Transit Least Squares TLS 1.32 (5 Apr 2024)
Creating model cache for 32 durations
Searching 13085 data points, 343 periods from 6.72 to 11.651 days
Using 1 of 8 CPU threads
Searching for best T0 for period 6.71989 days
Transit Least Squares TLS 1.32 (5 Apr 2024)
Creating model cache for 32 durations
Searching 13085 data points, 343 periods from 6.72 to 11.651 days
Using 1 of 8 CPU threads
Searching for best T0 for period 6.71989 days
| ADAY BULUNDU | Sinif A | Skor 100
[10/50] TIC 461579208 S18 | aday yok

  === ILERLEME (10/50) ===
  Tamamlanan:   10
  Basarisiz:    0
  Aday bulunan: 3
  Onayli:       3
  Sure:         9.7 dk
  ETA:          38.9 dk

[11/50] TIC 352179145 S17 Transit Least Squares TLS 1.32 (5 Apr 2024)
Creating model cache for 33 durations
Searching 13086 data points, 314 periods from 6.531 to 11.651 days
Using 1 of 8 CPU threads
Searching for best T0 for period 11.43934 days
Transit Least Squares TLS 1.32 (5 Apr 2024)
Creating model cache for 33 durations
Searching 13086 data points, 314 periods from 6.531 to 11.651 days
Using 1 of 8 CPU threads
Searching for best T0 for period 11.43934 days
| aday yok
[12/50] TIC 388605264 S18 | aday yok
[13/50] TIC 388633928 S18 | aday yok
[14/50] TIC 403021108 S42 | aday yok
[15/50] TIC 461342461 S24 Transit Least Squares TLS 1.32 (5 Apr 2024)
Creating model cache for 38 durations
Searching 18194 data points, 2402 periods from 0.602 to 13.238 days
Using 1 of 8 CPU threads
Searching for best T0 for period 9.82908 days
Transit Least Squares TLS 1.32 (5 Apr 2024)
Creating model cache for 38 durations
Searching 18194 data points, 2402 periods from 0.602 to 13.238 days
Using 1 of 8 CPU threads
Searching for best T0 for period 9.82908 days
| aday yok
[16/50] TIC 388637626 S18 Transit Least Squares TLS 1.32 (5 Apr 2024)
Creating model cache for 37 durations
Searching 13406 data points, 1982 periods from 0.602 to 11.268 days
Using 1 of 8 CPU threads
Searching for best T0 for period 11.23931 days
Transit Least Squares TLS 1.32 (5 Apr 2024)
Creating model cache for 37 durations
Searching 13406 data points, 1982 periods from 0.602 to 11.268 days
Using 1 of 8 CPU threads
Searching for best T0 for period 11.23931 days
| aday yok
[17/50] TIC 327000122 S17 | aday yok
[18/50] TIC 238432056 S17 Transit Least Squares TLS 1.32 (5 Apr 2024)
Creating model cache for 37 durations
Searching 13021 data points, 2083 periods from 0.601 to 11.741 days
Using 1 of 8 CPU threads
Searching for best T0 for period 3.84735 days
Transit Least Squares TLS 1.32 (5 Apr 2024)
Creating model cache for 37 durations
Searching 13021 data points, 2083 periods from 0.601 to 11.741 days
Using 1 of 8 CPU threads
Searching for best T0 for period 3.84735 days
| aday yok
[19/50] TIC 468258381 S18 | aday yok
[20/50] TIC 437739969 S17 Transit Least Squares TLS 1.32 (5 Apr 2024)
Creating model cache for 30 durations
Searching 13014 data points, 108 periods from 8.929 to 10.902 days
Using 1 of 8 CPU threads
Searching for best T0 for period 10.23617 days
Transit Least Squares TLS 1.32 (5 Apr 2024)
Creating model cache for 30 durations
Searching 13014 data points, 108 periods from 8.929 to 10.902 days
Using 1 of 8 CPU threads
Searching for best T0 for period 10.23617 days
| aday yok

  === ILERLEME (20/50) ===
  Tamamlanan:   20
  Basarisiz:    0
  Aday bulunan: 3
  Onayli:       3
  Sure:         18.1 dk
  ETA:          27.1 dk

[21/50] TIC 373150657 S18 Transit Least Squares TLS 1.32 (5 Apr 2024)
Creating model cache for 37 durations
Searching 15121 data points, 2097 periods from 0.601 to 11.808 days
Using 1 of 8 CPU threads
Searching for best T0 for period 0.62289 days
Transit Least Squares TLS 1.32 (5 Apr 2024)
Creating model cache for 37 durations
Searching 15121 data points, 2097 periods from 0.601 to 11.808 days
Using 1 of 8 CPU threads
Searching for best T0 for period 0.62289 days
| ADAY BULUNDU | Sinif A | Skor 100
[22/50] TIC 388583017 S18 Transit Least Squares TLS 1.32 (5 Apr 2024)
Creating model cache for 31 durations
Searching 14253 data points, 175 periods from 8.533 to 11.525 days
Using 1 of 8 CPU threads
Searching for best T0 for period 11.29777 days
Transit Least Squares TLS 1.32 (5 Apr 2024)
Creating model cache for 31 durations
Searching 14253 data points, 175 periods from 8.533 to 11.525 days
Using 1 of 8 CPU threads
Searching for best T0 for period 11.29777 days
| aday yok
[23/50] TIC 405305758 S42 | aday yok
[24/50] TIC 117956546 S57 Transit Least Squares TLS 1.32 (5 Apr 2024)
Creating model cache for 31 durations
Searching 17964 data points, 150 periods from 10.629 to 14.375 days
Using 1 of 8 CPU threads
Searching for best T0 for period 13.35415 days
Transit Least Squares TLS 1.32 (5 Apr 2024)
Creating model cache for 31 durations
Searching 17964 data points, 150 periods from 10.629 to 14.375 days
Using 1 of 8 CPU threads
Searching for best T0 for period 13.35415 days
| aday yok
[25/50] TIC 347299560 S24 Transit Least Squares TLS 1.32 (5 Apr 2024)
Creating model cache for 38 durations
Searching 17170 data points, 2402 periods from 0.602 to 13.238 days
Using 1 of 8 CPU threads
Searching for best T0 for period 4.73898 days
| ADAY BULUNDU | Sinif A | Skor 100
[26/50] TIC 407516437 S18 | aday yok
[27/50] TIC 365963199 S17 Transit Least Squares TLS 1.32 (5 Apr 2024)
Creating model cache for 37 durations
Searching 13021 data points, 2083 periods from 0.601 to 11.741 days
Using 1 of 8 CPU threads
Searching for best T0 for period 11.74147 days
Transit Least Squares TLS 1.32 (5 Apr 2024)
Creating model cache for 37 durations
Searching 13021 data points, 2083 periods from 0.601 to 11.741 days
Using 1 of 8 CPU threads
Searching for best T0 for period 11.74147 days
| aday yok
[28/50] TIC 22527304 S17 Transit Least Squares TLS 1.32 (5 Apr 2024)
Creating model cache for 37 durations
Searching 13021 data points, 2083 periods from 0.601 to 11.741 days
Using 1 of 8 CPU threads
Searching for best T0 for period 11.74145 days
Transit Least Squares TLS 1.32 (5 Apr 2024)
Creating model cache for 37 durations
Searching 13021 data points, 2083 periods from 0.601 to 11.741 days
Using 1 of 8 CPU threads
Searching for best T0 for period 11.74145 days
| aday yok
[29/50] TIC 201503102 S17 | aday yok
[30/50] TIC 468869378 S42 | aday yok

  === ILERLEME (30/50) ===
  Tamamlanan:   30
  Basarisiz:    0
  Aday bulunan: 5
  Onayli:       5
  Sure:         27.5 dk
  ETA:          18.3 dk

[31/50] TIC 373150643 S18 Transit Least Squares TLS 1.32 (5 Apr 2024)
Creating model cache for 37 durations
Searching 15121 data points, 2097 periods from 0.601 to 11.808 days
Using 1 of 8 CPU threads
Searching for best T0 for period 11.66601 days
| ADAY BULUNDU | Sinif A | Skor 100
[32/50] TIC 373278642 S18 Transit Least Squares TLS 1.32 (5 Apr 2024)
Creating model cache for 37 durations
Searching 14448 data points, 2063 periods from 0.601 to 11.647 days
Using 1 of 8 CPU threads
Searching for best T0 for period 10.65050 days
Transit Least Squares TLS 1.32 (5 Apr 2024)
Creating model cache for 37 durations
Searching 14448 data points, 2063 periods from 0.601 to 11.647 days
Using 1 of 8 CPU threads
Searching for best T0 for period 10.65050 days
| aday yok
[33/50] TIC 405187645 S42 Transit Least Squares TLS 1.32 (5 Apr 2024)
Creating model cache for 37 durations
Searching 11090 data points, 2035 periods from 0.601 to 11.514 days
Using 1 of 8 CPU threads
Searching for best T0 for period 6.87019 days
Transit Least Squares TLS 1.32 (5 Apr 2024)
Creating model cache for 37 durations
Searching 11090 data points, 2035 periods from 0.601 to 11.514 days
Using 1 of 8 CPU threads
Searching for best T0 for period 6.87019 days
| aday yok
[34/50] TIC 388633951 S18 Transit Least Squares TLS 1.32 (5 Apr 2024)
Creating model cache for 37 durations
Searching 13191 data points, 1963 periods from 0.602 to 11.178 days
Using 1 of 8 CPU threads
Searching for best T0 for period 4.47200 days
Transit Least Squares TLS 1.32 (5 Apr 2024)
Creating model cache for 37 durations
Searching 13191 data points, 1963 periods from 0.602 to 11.178 days
Using 1 of 8 CPU threads
Searching for best T0 for period 4.47200 days
| aday yok
[35/50] TIC 58732360 S42 Transit Least Squares TLS 1.32 (5 Apr 2024)
Creating model cache for 37 durations
Searching 11090 data points, 2035 periods from 0.601 to 11.514 days
Using 1 of 8 CPU threads
Searching for best T0 for period 0.61689 days
| ADAY BULUNDU | Sinif X | Skor 0
[36/50] TIC 258866681 S57 Transit Least Squares TLS 1.32 (5 Apr 2024)
Creating model cache for 32 durations
Searching 17970 data points, 258 periods from 9.307 to 14.375 days
Using 1 of 8 CPU threads
Searching for best T0 for period 10.44739 days
Transit Least Squares TLS 1.32 (5 Apr 2024)
Creating model cache for 32 durations
Searching 17970 data points, 258 periods from 9.307 to 14.375 days
Using 1 of 8 CPU threads
Searching for best T0 for period 10.44739 days
| aday yok
[37/50] TIC 83940523 S17 | aday yok
[38/50] TIC 365961623 S17 Transit Least Squares TLS 1.32 (5 Apr 2024)
Creating model cache for 37 durations
Searching 13018 data points, 2083 periods from 0.601 to 11.741 days
Using 1 of 8 CPU threads
Searching for best T0 for period 11.43196 days
Transit Least Squares TLS 1.32 (5 Apr 2024)
Creating model cache for 37 durations
Searching 13018 data points, 2083 periods from 0.601 to 11.741 days
Using 1 of 8 CPU threads
Searching for best T0 for period 11.43196 days
| aday yok
[39/50] TIC 357370384 S57 Transit Least Squares TLS 1.32 (5 Apr 2024)
Creating model cache for 38 durations
Searching 17977 data points, 2648 periods from 0.601 to 14.375 days
Using 1 of 8 CPU threads
Searching for best T0 for period 13.49392 days
Transit Least Squares TLS 1.32 (5 Apr 2024)
Creating model cache for 38 durations
Searching 17977 data points, 2648 periods from 0.601 to 14.375 days
Using 1 of 8 CPU threads
Searching for best T0 for period 13.49392 days
| aday yok
[40/50] TIC 373144098 S18 | aday yok

  === ILERLEME (40/50) ===
  Tamamlanan:   40
  Basarisiz:    0
  Aday bulunan: 7
  Onayli:       7
  Sure:         37.7 dk
  ETA:          9.4 dk

[41/50] TIC 388604517 S18 | aday yok
[42/50] TIC 388634757 S18 | aday yok
[43/50] TIC 406767163 S17 | aday yok
[44/50] TIC 405189795 S42 Transit Least Squares TLS 1.32 (5 Apr 2024)
Creating model cache for 32 durations
Searching 11055 data points, 215 periods from 7.475 to 11.49 days
Using 1 of 8 CPU threads
Searching for best T0 for period 10.16298 days
Transit Least Squares TLS 1.32 (5 Apr 2024)
Creating model cache for 32 durations
Searching 11055 data points, 215 periods from 7.475 to 11.49 days
Using 1 of 8 CPU threads
Searching for best T0 for period 10.16298 days
| aday yok
[45/50] TIC 439946042 S17 Transit Least Squares TLS 1.32 (5 Apr 2024)
Creating model cache for 30 durations
Searching 13073 data points, 105 periods from 7.705 to 9.389 days
Using 1 of 8 CPU threads
Searching for best T0 for period 8.54065 days
Transit Least Squares TLS 1.32 (5 Apr 2024)
Creating model cache for 30 durations
Searching 13073 data points, 105 periods from 7.705 to 9.389 days
Using 1 of 8 CPU threads
Searching for best T0 for period 8.54065 days
| ADAY BULUNDU | Sinif A | Skor 100
[46/50] TIC 439996850 S17 Transit Least Squares TLS 1.32 (5 Apr 2024)
Creating model cache for 37 durations
Searching 13087 data points, 2064 periods from 0.601 to 11.651 days
Using 1 of 8 CPU threads
Searching for best T0 for period 4.40129 days
Transit Least Squares TLS 1.32 (5 Apr 2024)
Creating model cache for 37 durations
Searching 13087 data points, 2064 periods from 0.601 to 11.651 days
Using 1 of 8 CPU threads
Searching for best T0 for period 4.40129 days
| aday yok
[47/50] TIC 373279538 S18 | aday yok
[48/50] TIC 51988338 S42 | aday yok
[49/50] TIC 201778444 S57 Transit Least Squares TLS 1.32 (5 Apr 2024)
Creating model cache for 30 durations
Searching 17979 data points, 111 periods from 9.607 to 11.739 days
Using 1 of 8 CPU threads
Searching for best T0 for period 10.67902 days
Transit Least Squares TLS 1.32 (5 Apr 2024)
Creating model cache for 30 durations
Searching 17979 data points, 111 periods from 9.607 to 11.739 days
Using 1 of 8 CPU threads
Searching for best T0 for period 10.67902 days
| ADAY BULUNDU | Sinif A | Skor 100
[50/50] TIC 373456697 S18 Transit Least Squares TLS 1.32 (5 Apr 2024)
Creating model cache for 32 durations
Searching 15123 data points, 235 periods from 7.221 to 11.808 days
Using 1 of 8 CPU threads
Searching for best T0 for period 9.31618 days
Transit Least Squares TLS 1.32 (5 Apr 2024)
Creating model cache for 32 durations
Searching 15123 data points, 235 periods from 7.221 to 11.808 days
Using 1 of 8 CPU threads
Searching for best T0 for period 9.31618 days
| aday yok

  === ILERLEME (50/50) ===
  Tamamlanan:   50
  Basarisiz:    0
  Aday bulunan: 9
  Onayli:       9
  Sure:         45.6 dk
  ETA:          0.0 dk


========================================================================
  KESIF TARAMASI TAMAMLANDI
========================================================================
  Sure: 45.6 dk
  Basarili: 50
  Basarisiz: 0
  Aday bulunan: 9
  Onayli: 9

  Sonraki adim:
    python scripts/discovery/classify_novelty.py
========================================================================
