========================================================================
  Kesif Sonuclari Yenilik Siniflandirmasi
========================================================================
OK 31 aday yuklendi
OK TOI katalogu: 7753 TIC ID

Yenilik dagilimi:
novelty_status
NOVEL_CANDIDATE    31
Name: count, dtype: int64

YENI ADAYLAR: 31

    source_id  sector    period   depth_ppm  planet_radius_rearth  snr_adopted candidate_class  total_score  novelty_status
TIC 326682209      57 16.523800  618.485398              2.032408    24.114893               A        100.0 NOVEL_CANDIDATE
TIC 373062137      18 11.552227 3274.788963              6.002751    23.072341               A        100.0 NOVEL_CANDIDATE
TIC 373150643      18 11.651354 2766.529485              4.268669    17.376703               A        100.0 NOVEL_CANDIDATE
TIC 347299560      24  4.767363  326.346673              0.729194    10.804279               A        100.0 NOVEL_CANDIDATE
TIC 201778444      57 10.528676  684.634348              1.496876     8.982545               A        100.0 NOVEL_CANDIDATE
TIC 439949948      17  6.741639  588.317497              0.760985     7.969399               A        100.0 NOVEL_CANDIDATE
TIC 439946042      17  8.596382  354.945622              0.979078     7.452918               A        100.0 NOVEL_CANDIDATE
TIC 373150657      18  0.634245  204.253629              1.156713     4.003536               A        100.0 NOVEL_CANDIDATE
TIC 388637626      18 11.239312 8836.145108              8.125334    49.393106               C         50.0 NOVEL_CANDIDATE
TIC 238432056      17  3.847347  578.102208              2.100544    28.399098               C         50.0 NOVEL_CANDIDATE
TIC 405187645      42  6.870193  988.843020              3.192464    26.810311               C         50.0 NOVEL_CANDIDATE
TIC 352179145      17 11.439335  860.009878              2.053441    18.873119               C         50.0 NOVEL_CANDIDATE
TIC 439996850      17  4.401294  669.593798              2.949314    14.341682               C         50.0 NOVEL_CANDIDATE
TIC 365961623      17 11.431964 1333.698023              2.886354    12.244388               C         50.0 NOVEL_CANDIDATE
 TIC 22527304      17 11.741452  522.376496              2.100591    11.880757               C         50.0 NOVEL_CANDIDATE
TIC 373278642      18 10.650503 2232.793779              3.662875    11.545635               C         50.0 NOVEL_CANDIDATE
TIC 373236404      18 11.360808  396.957258              1.953294     9.644858               C         50.0 NOVEL_CANDIDATE
TIC 365963199      17 11.741471  966.722759              3.377584     8.573551               C         50.0 NOVEL_CANDIDATE
TIC 117956546      57 13.354154   81.339280              0.000000     7.262185               C         50.0 NOVEL_CANDIDATE
TIC 437739969      17 10.236174  285.358547              1.232298     6.541118               C         50.0 NOVEL_CANDIDATE

Yeni adaylar CSV: /mnt/c/Users/Gamze/Desktop/projects/AstroTransit/outputs_discovery/novel_candidates.csv
Yeni adaylar Parquet: /mnt/c/Users/Gamze/Desktop/projects/AstroTransit/outputs_discovery/novel_candidates.parquet

Tum sonuclar: /mnt/c/Users/Gamze/Desktop/projects/AstroTransit/outputs_discovery/discovery_classified.parquet

========================================================================
  31 POTANSIYEL YENI GEZEGEN ADAYI BULUNDU
========================================================================
