outputs_discovery/discovery_classified.parquet
outputs_discovery/discovery_progress.json
outputs_discovery/json/TIC_117956546_S57.json
outputs_discovery/json/TIC_201778444_S57.json
outputs_discovery/json/TIC_22527304_S17.json
outputs_discovery/json/TIC_238432056_S17.json
outputs_discovery/json/TIC_258866681_S57.json
outputs_discovery/json/TIC_326682209_S57.json
outputs_discovery/json/TIC_327000122_S17.json
outputs_discovery/json/TIC_347299560_S24.json
outputs_discovery/json/TIC_352179145_S17.json
outputs_discovery/json/TIC_357370384_S57.json
outputs_discovery/json/TIC_365961623_S17.json
outputs_discovery/json/TIC_365963199_S17.json
outputs_discovery/json/TIC_373062137_S18.json
outputs_discovery/json/TIC_373150643_S18.json
outputs_discovery/json/TIC_373150657_S18.json
outputs_discovery/json/TIC_373236404_S18.json
outputs_discovery/json/TIC_373278642_S18.json
outputs_discovery/json/TIC_373456697_S18.json
outputs_discovery/json/TIC_388583017_S18.json
outputs_discovery/json/TIC_388604517_S18.json
outputs_discovery/json/TIC_388633951_S18.json
outputs_discovery/json/TIC_388637626_S18.json
outputs_discovery/json/TIC_405187645_S42.json
outputs_discovery/json/TIC_405189795_S42.json
outputs_discovery/json/TIC_437739969_S17.json
outputs_discovery/json/TIC_439946042_S17.json
outputs_discovery/json/TIC_439949948_S17.json
outputs_discovery/json/TIC_439996850_S17.json
outputs_discovery/json/TIC_461342461_S24.json
outputs_discovery/json/TIC_461585810_S18.json
outputs_discovery/json/TIC_58732360_S42.json
outputs_discovery/json/all_candidates.jsonl
outputs_discovery/novel_candidates.csv
outputs_discovery/novel_candidates.parquet
outputs_discovery/novel_candidates_prioritized.csv
outputs_discovery/novel_candidates_prioritized.parquet
outputs_discovery/novel_candidates_science_prioritized.csv
outputs_discovery/novel_candidates_science_prioritized.parquet
outputs_discovery/parquet/astrotransit_candidates.parquet
