========================================================================
  TOI-Disi Kesif Taramasi v2
========================================================================
  Toplam hedef: 200
  Gorsel: kapali
  Output: outputs_discovery/
========================================================================

[1/200] TIC 373236404 S18 Transit Least Squares TLS 1.32 (5 Apr 2024)
Creating model cache for 37 durations
Searching 15118 data points, 2097 periods from 0.601 to 11.808 days
Using 1 of 8 CPU threads
Searching for best T0 for period 11.36081 days
Transit Least Squares TLS 1.32 (5 Apr 2024)
Creating model cache for 37 durations
Searching 15118 data points, 2097 periods from 0.601 to 11.808 days
Using 1 of 8 CPU threads
Searching for best T0 for period 11.36081 days
| aday yok
[2/200] TIC 468255882 S19 Transit Least Squares TLS 1.32 (5 Apr 2024)
Creating model cache for 30 durations
Searching 16953 data points, 132 periods from 9.88 to 12.528 days
Using 1 of 8 CPU threads
Searching for best T0 for period 10.12479 days
Transit Least Squares TLS 1.32 (5 Apr 2024)
Creating model cache for 30 durations
Searching 16953 data points, 132 periods from 9.88 to 12.528 days
Using 1 of 8 CPU threads
Searching for best T0 for period 10.12479 days
| aday yok
[3/200] TIC 373062137 S18 Transit Least Squares TLS 1.32 (5 Apr 2024)
Creating model cache for 37 durations
Searching 14981 data points, 2091 periods from 0.602 to 11.783 days
Using 1 of 8 CPU threads
Searching for best T0 for period 11.52828 days
| ADAY BULUNDU | Sinif A | Skor 100
[4/200] TIC 461408984 S17 | aday yok
[5/200] TIC 461585810 S18 Transit Least Squares TLS 1.32 (5 Apr 2024)
Creating model cache for 37 durations
Searching 14320 data points, 2044 periods from 0.601 to 11.558 days
Using 1 of 8 CPU threads
Searching for best T0 for period 3.48975 days
Transit Least Squares TLS 1.32 (5 Apr 2024)
Creating model cache for 37 durations
Searching 14320 data points, 2044 periods from 0.601 to 11.558 days
Using 1 of 8 CPU threads
Searching for best T0 for period 3.48975 days
| aday yok
[6/200] TIC 461593015 S19 | aday yok
[7/200] TIC 407430919 S18 Transit Least Squares TLS 1.32 (5 Apr 2024)
Creating model cache for 37 durations
Searching 15123 data points, 2097 periods from 0.601 to 11.808 days
Using 1 of 8 CPU threads
Searching for best T0 for period 11.58173 days
| ADAY BULUNDU | Sinif A | Skor 100
[8/200] TIC 347304330 S57 | aday yok
[9/200] TIC 428737024 S18 Transit Least Squares TLS 1.32 (5 Apr 2024)
Creating model cache for 37 durations
Searching 15122 data points, 2097 periods from 0.601 to 11.808 days
Using 1 of 8 CPU threads
Searching for best T0 for period 3.51127 days
Transit Least Squares TLS 1.32 (5 Apr 2024)
Creating model cache for 37 durations
Searching 15122 data points, 2097 periods from 0.601 to 11.808 days
Using 1 of 8 CPU threads
Searching for best T0 for period 3.51127 days
| aday yok
[10/200] TIC 326682209 S57 Transit Least Squares TLS 1.32 (5 Apr 2024)
Creating model cache for 38 durations
Searching 17979 data points, 2648 periods from 0.601 to 14.376 days
Using 1 of 8 CPU threads
Searching for best T0 for period 14.13345 days
Transit Least Squares TLS 1.32 (5 Apr 2024)
Creating model cache for 38 durations
Searching 17979 data points, 2648 periods from 0.601 to 14.376 days
Using 1 of 8 CPU threads
Searching for best T0 for period 14.13345 days
| ADAY BULUNDU | Sinif A | Skor 100

  === ILERLEME (10/200) ===
  Tamamlanan:   10
  Basarisiz:    0
  Aday bulunan: 3
  Onayli:       3
  Sure:         10.1 dk
  ETA:          191.4 dk

[11/200] TIC 373149896 S18 | aday yok
[12/200] TIC 369730972 S57 | aday yok
[13/200] TIC 439949948 S17 Transit Least Squares TLS 1.32 (5 Apr 2024)
Creating model cache for 32 durations
Searching 13085 data points, 343 periods from 6.72 to 11.651 days
Using 1 of 8 CPU threads
Searching for best T0 for period 6.71989 days
Transit Least Squares TLS 1.32 (5 Apr 2024)
Creating model cache for 32 durations
Searching 13085 data points, 343 periods from 6.72 to 11.651 days
Using 1 of 8 CPU threads
Searching for best T0 for period 6.71989 days
| ADAY BULUNDU | Sinif A | Skor 100
[14/200] TIC 468258403 S18 Transit Least Squares TLS 1.32 (5 Apr 2024)
Creating model cache for 32 durations
Searching 14188 data points, 210 periods from 7.03 to 11.498 days
Using 1 of 8 CPU threads
Searching for best T0 for period 7.94105 days
Transit Least Squares TLS 1.32 (5 Apr 2024)
Creating model cache for 32 durations
Searching 14188 data points, 210 periods from 7.03 to 11.498 days
Using 1 of 8 CPU threads
Searching for best T0 for period 7.94105 days
| aday yok
[15/200] TIC 461579208 S18 | aday yok
[16/200] TIC 352179145 S17 Transit Least Squares TLS 1.32 (5 Apr 2024)
Creating model cache for 33 durations
Searching 13086 data points, 314 periods from 6.531 to 11.651 days
Using 1 of 8 CPU threads
Searching for best T0 for period 11.43934 days
Transit Least Squares TLS 1.32 (5 Apr 2024)
Creating model cache for 33 durations
Searching 13086 data points, 314 periods from 6.531 to 11.651 days
Using 1 of 8 CPU threads
Searching for best T0 for period 11.43934 days
| aday yok
[17/200] TIC 388605264 S18 | aday yok
[18/200] TIC 407459603 S18 Transit Least Squares TLS 1.32 (5 Apr 2024)
Creating model cache for 32 durations
Searching 15064 data points, 241 periods from 6.87 to 11.808 days
Using 1 of 8 CPU threads
Searching for best T0 for period 9.37481 days
Transit Least Squares TLS 1.32 (5 Apr 2024)
Creating model cache for 32 durations
Searching 15064 data points, 241 periods from 6.87 to 11.808 days
Using 1 of 8 CPU threads
Searching for best T0 for period 9.37481 days
| aday yok
[19/200] TIC 388633928 S18 | aday yok
[20/200] TIC 407393440 S18 Transit Least Squares TLS 1.32 (5 Apr 2024)
Creating model cache for 37 durations
Searching 14625 data points, 2070 periods from 0.601 to 11.681 days
Using 1 of 8 CPU threads
Searching for best T0 for period 11.68131 days
Transit Least Squares TLS 1.32 (5 Apr 2024)
Creating model cache for 37 durations
Searching 14625 data points, 2070 periods from 0.601 to 11.681 days
Using 1 of 8 CPU threads
Searching for best T0 for period 11.68131 days
| aday yok

  === ILERLEME (20/200) ===
  Tamamlanan:   20
  Basarisiz:    0
  Aday bulunan: 4
  Onayli:       4
  Sure:         17.2 dk
  ETA:          154.9 dk

[21/200] TIC 468282175 S18 | aday yok
[22/200] TIC 403021108 S42 | aday yok
[23/200] TIC 461342461 S24 Transit Least Squares TLS 1.32 (5 Apr 2024)
Creating model cache for 38 durations
Searching 18194 data points, 2402 periods from 0.602 to 13.238 days
Using 1 of 8 CPU threads
Searching for best T0 for period 9.82908 days
Transit Least Squares TLS 1.32 (5 Apr 2024)
Creating model cache for 38 durations
Searching 18194 data points, 2402 periods from 0.602 to 13.238 days
Using 1 of 8 CPU threads
Searching for best T0 for period 9.82908 days
| aday yok
[24/200] TIC 388637626 S18 Transit Least Squares TLS 1.32 (5 Apr 2024)
Creating model cache for 37 durations
Searching 13406 data points, 1982 periods from 0.602 to 11.268 days
Using 1 of 8 CPU threads
Searching for best T0 for period 11.23931 days
Transit Least Squares TLS 1.32 (5 Apr 2024)
Creating model cache for 37 durations
Searching 13406 data points, 1982 periods from 0.602 to 11.268 days
Using 1 of 8 CPU threads
Searching for best T0 for period 11.23931 days
| aday yok
[25/200] TIC 327000122 S17 | aday yok
[26/200] TIC 407423779 S18 Transit Least Squares TLS 1.32 (5 Apr 2024)
Creating model cache for 37 durations
Searching 15115 data points, 2097 periods from 0.601 to 11.808 days
Using 1 of 8 CPU threads
Searching for best T0 for period 10.58084 days
| ADAY BULUNDU | Sinif A | Skor 100
[27/200] TIC 238432056 S17 Transit Least Squares TLS 1.32 (5 Apr 2024)
Creating model cache for 37 durations
Searching 13021 data points, 2083 periods from 0.601 to 11.741 days
Using 1 of 8 CPU threads
Searching for best T0 for period 3.84735 days
Transit Least Squares TLS 1.32 (5 Apr 2024)
Creating model cache for 37 durations
Searching 13021 data points, 2083 periods from 0.601 to 11.741 days
Using 1 of 8 CPU threads
Searching for best T0 for period 3.84735 days
| aday yok
[28/200] TIC 461591456 S18 | aday yok
[29/200] TIC 331928059 S52 Transit Least Squares TLS 1.32 (5 Apr 2024)
Creating model cache for 31 durations
Searching 14691 data points, 160 periods from 9.131 to 12.216 days
Using 1 of 8 CPU threads
Searching for best T0 for period 12.09949 days
Transit Least Squares TLS 1.32 (5 Apr 2024)
Creating model cache for 31 durations
Searching 14691 data points, 160 periods from 9.131 to 12.216 days
Using 1 of 8 CPU threads
Searching for best T0 for period 12.09949 days
| aday yok
[30/200] TIC 468258381 S18 | aday yok

  === ILERLEME (30/200) ===
  Tamamlanan:   30
  Basarisiz:    0
  Aday bulunan: 5
  Onayli:       5
  Sure:         25.0 dk
  ETA:          141.7 dk

[31/200] TIC 461590771 S18 Transit Least Squares TLS 1.32 (5 Apr 2024)
Creating model cache for 37 durations
Searching 14163 data points, 2029 periods from 0.601 to 11.488 days
Using 1 of 8 CPU threads
Searching for best T0 for period 8.13053 days
Transit Least Squares TLS 1.32 (5 Apr 2024)
Creating model cache for 37 durations
Searching 14163 data points, 2029 periods from 0.601 to 11.488 days
Using 1 of 8 CPU threads
Searching for best T0 for period 8.13053 days
| aday yok
[32/200] TIC 437739969 S17 Transit Least Squares TLS 1.32 (5 Apr 2024)
Creating model cache for 30 durations
Searching 13014 data points, 108 periods from 8.929 to 10.902 days
Using 1 of 8 CPU threads
Searching for best T0 for period 10.23617 days
Transit Least Squares TLS 1.32 (5 Apr 2024)
Creating model cache for 30 durations
Searching 13014 data points, 108 periods from 8.929 to 10.902 days
Using 1 of 8 CPU threads
Searching for best T0 for period 10.23617 days
| aday yok
[33/200] TIC 373150657 S18 Transit Least Squares TLS 1.32 (5 Apr 2024)
Creating model cache for 37 durations
Searching 15121 data points, 2097 periods from 0.601 to 11.808 days
Using 1 of 8 CPU threads
Searching for best T0 for period 0.62289 days
Transit Least Squares TLS 1.32 (5 Apr 2024)
Creating model cache for 37 durations
Searching 15121 data points, 2097 periods from 0.601 to 11.808 days
Using 1 of 8 CPU threads
Searching for best T0 for period 0.62289 days
| ADAY BULUNDU | Sinif A | Skor 100
[34/200] TIC 437752575 S17 Transit Least Squares TLS 1.32 (5 Apr 2024)
Creating model cache for 31 durations
Searching 13013 data points, 259 periods from 7.85 to 11.741 days
Using 1 of 8 CPU threads
Searching for best T0 for period 10.55383 days
Transit Least Squares TLS 1.32 (5 Apr 2024)
Creating model cache for 31 durations
Searching 13013 data points, 259 periods from 7.85 to 11.741 days
Using 1 of 8 CPU threads
Searching for best T0 for period 10.55383 days
| aday yok
[35/200] TIC 57916666 S17 Transit Least Squares TLS 1.32 (5 Apr 2024)
Creating model cache for 24 durations
Searching 13021 data points, 186 periods from 1.599 to 1.953 days
Using 1 of 8 CPU threads
Searching for best T0 for period 1.77289 days
Transit Least Squares TLS 1.32 (5 Apr 2024)
Creating model cache for 24 durations
Searching 13021 data points, 186 periods from 1.599 to 1.953 days
Using 1 of 8 CPU threads
Searching for best T0 for period 1.77289 days
| ADAY BULUNDU | Sinif A | Skor 100
[36/200] TIC 407120936 S24 | aday yok
[37/200] TIC 388583017 S18 Transit Least Squares TLS 1.32 (5 Apr 2024)
Creating model cache for 31 durations
Searching 14253 data points, 175 periods from 8.533 to 11.525 days
Using 1 of 8 CPU threads
Searching for best T0 for period 11.29777 days
Transit Least Squares TLS 1.32 (5 Apr 2024)
Creating model cache for 31 durations
Searching 14253 data points, 175 periods from 8.533 to 11.525 days
Using 1 of 8 CPU threads
Searching for best T0 for period 11.29777 days
| aday yok
[38/200] TIC 320049266 S17 | aday yok
[39/200] TIC 405305758 S42 | aday yok
[40/200] TIC 468269135 S18 | aday yok

  === ILERLEME (40/200) ===
  Tamamlanan:   40
  Basarisiz:    0
  Aday bulunan: 7
  Onayli:       7
  Sure:         33.0 dk
  ETA:          132.0 dk

[41/200] TIC 468266262 S18 | aday yok
[42/200] TIC 274805229 S18 Transit Least Squares TLS 1.32 (5 Apr 2024)
Creating model cache for 37 durations
Searching 14833 data points, 2088 periods from 0.601 to 11.767 days
Using 1 of 8 CPU threads
Searching for best T0 for period 11.68112 days
Transit Least Squares TLS 1.32 (5 Apr 2024)
Creating model cache for 37 durations
Searching 14833 data points, 2088 periods from 0.601 to 11.767 days
Using 1 of 8 CPU threads
Searching for best T0 for period 11.68112 days
| ADAY BULUNDU | Sinif A | Skor 100
[43/200] TIC 468264605 S18 Transit Least Squares TLS 1.32 (5 Apr 2024)
Creating model cache for 37 durations
Searching 13046 data points, 1958 periods from 0.601 to 11.15 days
Using 1 of 8 CPU threads
Searching for best T0 for period 11.15014 days
| ADAY BULUNDU | Sinif A | Skor 100
[44/200] TIC 407315823 S58 | aday yok
[45/200] TIC 117956546 S57 Transit Least Squares TLS 1.32 (5 Apr 2024)
Creating model cache for 31 durations
Searching 17964 data points, 150 periods from 10.629 to 14.375 days
Using 1 of 8 CPU threads
Searching for best T0 for period 13.35415 days
Transit Least Squares TLS 1.32 (5 Apr 2024)
Creating model cache for 31 durations
Searching 17964 data points, 150 periods from 10.629 to 14.375 days
Using 1 of 8 CPU threads
Searching for best T0 for period 13.35415 days
| aday yok
[46/200] TIC 347299560 S24 Transit Least Squares TLS 1.32 (5 Apr 2024)
Creating model cache for 38 durations
Searching 17170 data points, 2402 periods from 0.602 to 13.238 days
Using 1 of 8 CPU threads
Searching for best T0 for period 4.73898 days
| ADAY BULUNDU | Sinif A | Skor 100
[47/200] TIC 407516437 S18 | aday yok
[48/200] TIC 365963199 S17 Transit Least Squares TLS 1.32 (5 Apr 2024)
Creating model cache for 37 durations
Searching 13021 data points, 2083 periods from 0.601 to 11.741 days
Using 1 of 8 CPU threads
Searching for best T0 for period 11.74147 days
Transit Least Squares TLS 1.32 (5 Apr 2024)
Creating model cache for 37 durations
Searching 13021 data points, 2083 periods from 0.601 to 11.741 days
Using 1 of 8 CPU threads
Searching for best T0 for period 11.74147 days
| aday yok
[49/200] TIC 194528489 S17 | aday yok
[50/200] TIC 194531699 S17 Transit Least Squares TLS 1.32 (5 Apr 2024)
Creating model cache for 29 durations
Searching 13075 data points, 141 periods from 2.893 to 3.53 days
Using 1 of 8 CPU threads
Searching for best T0 for period 3.21329 days
Transit Least Squares TLS 1.32 (5 Apr 2024)
Creating model cache for 29 durations
Searching 13075 data points, 141 periods from 2.893 to 3.53 days
Using 1 of 8 CPU threads
Searching for best T0 for period 3.21329 days
| ADAY BULUNDU | Sinif A | Skor 100

  === ILERLEME (50/200) ===
  Tamamlanan:   50
  Basarisiz:    0
  Aday bulunan: 11
  Onayli:       11
  Sure:         41.9 dk
  ETA:          125.6 dk

[51/200] TIC 306119022 S17 Transit Least Squares TLS 1.32 (5 Apr 2024)
Creating model cache for 16 durations
Searching 13019 data points, 255 periods from 0.514 to 0.628 days
Using 1 of 8 CPU threads
Searching for best T0 for period 0.57091 days
Transit Least Squares TLS 1.32 (5 Apr 2024)
Creating model cache for 16 durations
Searching 13019 data points, 255 periods from 0.514 to 0.628 days
Using 1 of 8 CPU threads
Searching for best T0 for period 0.57091 days
| ADAY BULUNDU | Sinif X | Skor 20
[52/200] TIC 22527304 S17 Transit Least Squares TLS 1.32 (5 Apr 2024)
Creating model cache for 37 durations
Searching 13021 data points, 2083 periods from 0.601 to 11.741 days
Using 1 of 8 CPU threads
Searching for best T0 for period 11.74145 days
Transit Least Squares TLS 1.32 (5 Apr 2024)
Creating model cache for 37 durations
Searching 13021 data points, 2083 periods from 0.601 to 11.741 days
Using 1 of 8 CPU threads
Searching for best T0 for period 11.74145 days
| aday yok
[53/200] TIC 201503102 S17 | aday yok
[54/200] TIC 468869378 S42 | aday yok
[55/200] TIC 373150643 S18 Transit Least Squares TLS 1.32 (5 Apr 2024)
Creating model cache for 37 durations
Searching 15121 data points, 2097 periods from 0.601 to 11.808 days
Using 1 of 8 CPU threads
Searching for best T0 for period 11.66601 days
| ADAY BULUNDU | Sinif A | Skor 100
[56/200] TIC 320043679 S57 | aday yok
[57/200] TIC 373278642 S18 Transit Least Squares TLS 1.32 (5 Apr 2024)
Creating model cache for 37 durations
Searching 14448 data points, 2063 periods from 0.601 to 11.647 days
Using 1 of 8 CPU threads
Searching for best T0 for period 10.65050 days
Transit Least Squares TLS 1.32 (5 Apr 2024)
Creating model cache for 37 durations
Searching 14448 data points, 2063 periods from 0.601 to 11.647 days
Using 1 of 8 CPU threads
Searching for best T0 for period 10.65050 days
| aday yok
[58/200] TIC 403308552 S17 | aday yok
[59/200] TIC 238305920 S17 Transit Least Squares TLS 1.32 (5 Apr 2024)
Creating model cache for 37 durations
Searching 13001 data points, 2083 periods from 0.601 to 11.741 days
Using 1 of 8 CPU threads
Searching for best T0 for period 5.67762 days
Transit Least Squares TLS 1.32 (5 Apr 2024)
Creating model cache for 37 durations
Searching 13001 data points, 2083 periods from 0.601 to 11.741 days
Using 1 of 8 CPU threads
Searching for best T0 for period 5.67762 days
| aday yok
[60/200] TIC 405187645 S42 Transit Least Squares TLS 1.32 (5 Apr 2024)
Creating model cache for 37 durations
Searching 11090 data points, 2035 periods from 0.601 to 11.514 days
Using 1 of 8 CPU threads
Searching for best T0 for period 6.87019 days
Transit Least Squares TLS 1.32 (5 Apr 2024)
Creating model cache for 37 durations
Searching 11090 data points, 2035 periods from 0.601 to 11.514 days
Using 1 of 8 CPU threads
Searching for best T0 for period 6.87019 days
| aday yok

  === ILERLEME (60/200) ===
  Tamamlanan:   60
  Basarisiz:    0
  Aday bulunan: 13
  Onayli:       13
  Sure:         50.6 dk
  ETA:          118.0 dk

[61/200] TIC 388633951 S18 Transit Least Squares TLS 1.32 (5 Apr 2024)
Creating model cache for 37 durations
Searching 13191 data points, 1963 periods from 0.602 to 11.178 days
Using 1 of 8 CPU threads
Searching for best T0 for period 4.47200 days
Transit Least Squares TLS 1.32 (5 Apr 2024)
Creating model cache for 37 durations
Searching 13191 data points, 1963 periods from 0.602 to 11.178 days
Using 1 of 8 CPU threads
Searching for best T0 for period 4.47200 days
| aday yok
[62/200] TIC 58732360 S42 Transit Least Squares TLS 1.32 (5 Apr 2024)
Creating model cache for 37 durations
Searching 11090 data points, 2035 periods from 0.601 to 11.514 days
Using 1 of 8 CPU threads
Searching for best T0 for period 0.61689 days
| ADAY BULUNDU | Sinif X | Skor 0
[63/200] TIC 408515120 S42 | aday yok
[64/200] TIC 258866681 S57 Transit Least Squares TLS 1.32 (5 Apr 2024)
Creating model cache for 32 durations
Searching 17970 data points, 258 periods from 9.307 to 14.375 days
Using 1 of 8 CPU threads
Searching for best T0 for period 10.44739 days
Transit Least Squares TLS 1.32 (5 Apr 2024)
Creating model cache for 32 durations
Searching 17970 data points, 258 periods from 9.307 to 14.375 days
Using 1 of 8 CPU threads
Searching for best T0 for period 10.44739 days
| aday yok
[65/200] TIC 336765302 S42 | aday yok
[66/200] TIC 83940523 S17 | aday yok
[67/200] TIC 365961623 S17 Transit Least Squares TLS 1.32 (5 Apr 2024)
Creating model cache for 37 durations
Searching 13018 data points, 2083 periods from 0.601 to 11.741 days
Using 1 of 8 CPU threads
Searching for best T0 for period 11.43196 days
Transit Least Squares TLS 1.32 (5 Apr 2024)
Creating model cache for 37 durations
Searching 13018 data points, 2083 periods from 0.601 to 11.741 days
Using 1 of 8 CPU threads
Searching for best T0 for period 11.43196 days
| aday yok
[68/200] TIC 405226902 S42 | aday yok
[69/200] TIC 373144098 S18 | aday yok
[70/200] TIC 388604517 S18 | aday yok

  === ILERLEME (70/200) ===
  Tamamlanan:   70
  Basarisiz:    0
  Aday bulunan: 14
  Onayli:       14
  Sure:         57.9 dk
  ETA:          107.5 dk

[71/200] TIC 440672051 S17 Transit Least Squares TLS 1.32 (5 Apr 2024)
Creating model cache for 37 durations
Searching 13014 data points, 2083 periods from 0.601 to 11.741 days
Using 1 of 8 CPU threads
Searching for best T0 for period 8.66636 days
Transit Least Squares TLS 1.32 (5 Apr 2024)
Creating model cache for 37 durations
Searching 13014 data points, 2083 periods from 0.601 to 11.741 days
Using 1 of 8 CPU threads
Searching for best T0 for period 8.66636 days
| aday yok
[72/200] TIC 388634757 S18 | aday yok
[73/200] TIC 257305725 S42 | aday yok
[74/200] TIC 406767163 S17 | aday yok
[75/200] TIC 405189795 S42 Transit Least Squares TLS 1.32 (5 Apr 2024)
Creating model cache for 32 durations
Searching 11055 data points, 215 periods from 7.475 to 11.49 days
Using 1 of 8 CPU threads
Searching for best T0 for period 10.16298 days
Transit Least Squares TLS 1.32 (5 Apr 2024)
Creating model cache for 32 durations
Searching 11055 data points, 215 periods from 7.475 to 11.49 days
Using 1 of 8 CPU threads
Searching for best T0 for period 10.16298 days
| aday yok
[76/200] TIC 44453366 S17 Transit Least Squares TLS 1.32 (5 Apr 2024)
Creating model cache for 37 durations
Searching 13021 data points, 2083 periods from 0.601 to 11.742 days
Using 1 of 8 CPU threads
Searching for best T0 for period 7.28622 days
Transit Least Squares TLS 1.32 (5 Apr 2024)
Creating model cache for 37 durations
Searching 13021 data points, 2083 periods from 0.601 to 11.742 days
Using 1 of 8 CPU threads
Searching for best T0 for period 7.28622 days
| aday yok
[77/200] TIC 194459612 S17 Transit Least Squares TLS 1.32 (5 Apr 2024)
Creating model cache for 37 durations
Searching 13087 data points, 2064 periods from 0.601 to 11.651 days
Using 1 of 8 CPU threads
Searching for best T0 for period 11.65131 days
| ADAY BULUNDU | Sinif A | Skor 100
[78/200] TIC 373513128 S18 Transit Least Squares TLS 1.32 (5 Apr 2024)
Creating model cache for 30 durations
Searching 14800 data points, 128 periods from 5.924 to 7.231 days
Using 1 of 8 CPU threads
Searching for best T0 for period 6.58082 days
Transit Least Squares TLS 1.32 (5 Apr 2024)
Creating model cache for 30 durations
Searching 14800 data points, 128 periods from 5.924 to 7.231 days
Using 1 of 8 CPU threads
Searching for best T0 for period 6.58082 days
| ADAY BULUNDU | Sinif A | Skor 100
[79/200] TIC 336766231 S42 | aday yok
[80/200] TIC 439946042 S17 Transit Least Squares TLS 1.32 (5 Apr 2024)
Creating model cache for 30 durations
Searching 13073 data points, 105 periods from 7.705 to 9.389 days
Using 1 of 8 CPU threads
Searching for best T0 for period 8.54065 days
Transit Least Squares TLS 1.32 (5 Apr 2024)
Creating model cache for 30 durations
Searching 13073 data points, 105 periods from 7.705 to 9.389 days
Using 1 of 8 CPU threads
Searching for best T0 for period 8.54065 days
| ADAY BULUNDU | Sinif A | Skor 100

  === ILERLEME (80/200) ===
  Tamamlanan:   80
  Basarisiz:    0
  Aday bulunan: 17
  Onayli:       17
  Sure:         65.7 dk
  ETA:          98.5 dk

[81/200] TIC 439996850 S17 Transit Least Squares TLS 1.32 (5 Apr 2024)
Creating model cache for 37 durations
Searching 13087 data points, 2064 periods from 0.601 to 11.651 days
Using 1 of 8 CPU threads
Searching for best T0 for period 4.40129 days
Transit Least Squares TLS 1.32 (5 Apr 2024)
Creating model cache for 37 durations
Searching 13087 data points, 2064 periods from 0.601 to 11.651 days
Using 1 of 8 CPU threads
Searching for best T0 for period 4.40129 days
| aday yok
[82/200] TIC 405210193 S42 Transit Least Squares TLS 1.32 (5 Apr 2024)
Creating model cache for 32 durations
Searching 11055 data points, 238 periods from 6.762 to 11.493 days
Using 1 of 8 CPU threads
Searching for best T0 for period 8.70301 days
Transit Least Squares TLS 1.32 (5 Apr 2024)
Creating model cache for 32 durations
Searching 11055 data points, 238 periods from 6.762 to 11.493 days
Using 1 of 8 CPU threads
Searching for best T0 for period 8.70301 days
| aday yok
[83/200] TIC 293342645 S42 | aday yok
[84/200] TIC 373279538 S18 | aday yok
[85/200] TIC 415779282 S17 Transit Least Squares TLS 1.32 (5 Apr 2024)
Creating model cache for 37 durations
Searching 12849 data points, 2031 periods from 0.601 to 11.496 days
Using 1 of 8 CPU threads
Searching for best T0 for period 10.63157 days
Transit Least Squares TLS 1.32 (5 Apr 2024)
Creating model cache for 37 durations
Searching 12849 data points, 2031 periods from 0.601 to 11.496 days
Using 1 of 8 CPU threads
Searching for best T0 for period 10.63157 days
| aday yok
[86/200] TIC 51988338 S42 | aday yok
[87/200] TIC 257292435 S42 | aday yok
[88/200] TIC 201778444 S57 Transit Least Squares TLS 1.32 (5 Apr 2024)
Creating model cache for 30 durations
Searching 17979 data points, 111 periods from 9.607 to 11.739 days
Using 1 of 8 CPU threads
Searching for best T0 for period 10.67902 days
Transit Least Squares TLS 1.32 (5 Apr 2024)
Creating model cache for 30 durations
Searching 17979 data points, 111 periods from 9.607 to 11.739 days
Using 1 of 8 CPU threads
Searching for best T0 for period 10.67902 days
| ADAY BULUNDU | Sinif A | Skor 100
[89/200] TIC 427332476 S42 Transit Least Squares TLS 1.32 (5 Apr 2024)
Creating model cache for 30 durations
Searching 10975 data points, 107 periods from 8.848 to 10.789 days
Using 1 of 8 CPU threads
Searching for best T0 for period 9.80953 days
Transit Least Squares TLS 1.32 (5 Apr 2024)
Creating model cache for 30 durations
Searching 10975 data points, 107 periods from 8.848 to 10.789 days
Using 1 of 8 CPU threads
Searching for best T0 for period 9.80953 days
| ADAY BULUNDU | Sinif A | Skor 100
[90/200] TIC 303205354 S42 | aday yok

  === ILERLEME (90/200) ===
  Tamamlanan:   90
  Basarisiz:    0
  Aday bulunan: 19
  Onayli:       19
  Sure:         73.0 dk
  ETA:          89.2 dk

[91/200] TIC 373456697 S18 Transit Least Squares TLS 1.32 (5 Apr 2024)
Creating model cache for 32 durations
Searching 15123 data points, 235 periods from 7.221 to 11.808 days
Using 1 of 8 CPU threads
Searching for best T0 for period 9.31618 days
Transit Least Squares TLS 1.32 (5 Apr 2024)
Creating model cache for 32 durations
Searching 15123 data points, 235 periods from 7.221 to 11.808 days
Using 1 of 8 CPU threads
Searching for best T0 for period 9.31618 days
| aday yok
[92/200] TIC 293361880 S42 | aday yok
[93/200] TIC 293360863 S42 Transit Least Squares TLS 1.32 (5 Apr 2024)
Creating model cache for 37 durations
Searching 11044 data points, 2032 periods from 0.602 to 11.505 days
Using 1 of 8 CPU threads
Searching for best T0 for period 9.52089 days
Transit Least Squares TLS 1.32 (5 Apr 2024)
Creating model cache for 37 durations
Searching 11044 data points, 2032 periods from 0.602 to 11.505 days
Using 1 of 8 CPU threads
Searching for best T0 for period 9.52089 days
| aday yok
[94/200] TIC 357395017 S42 | aday yok
[95/200] TIC 38380363 S42 Transit Least Squares TLS 1.32 (5 Apr 2024)
Creating model cache for 37 durations
Searching 11088 data points, 2035 periods from 0.601 to 11.514 days
Using 1 of 8 CPU threads
Searching for best T0 for period 11.40127 days
Transit Least Squares TLS 1.32 (5 Apr 2024)
Creating model cache for 37 durations
Searching 11088 data points, 2035 periods from 0.601 to 11.514 days
Using 1 of 8 CPU threads
Searching for best T0 for period 11.40127 days
| ADAY BULUNDU | Sinif C | Skor 57
[96/200] TIC 352179802 S17 | aday yok
[97/200] TIC 440064545 S17 Transit Least Squares TLS 1.32 (5 Apr 2024)
Creating model cache for 37 durations
Searching 13080 data points, 2064 periods from 0.601 to 11.651 days
Using 1 of 8 CPU threads
Searching for best T0 for period 2.08678 days
Transit Least Squares TLS 1.32 (5 Apr 2024)
Creating model cache for 37 durations
Searching 13080 data points, 2064 periods from 0.601 to 11.651 days
Using 1 of 8 CPU threads
Searching for best T0 for period 2.08678 days
| aday yok
[98/200] TIC 57962744 S17 | aday yok
[99/200] TIC 466442109 S42 | aday yok
[100/200] TIC 201505695 S57 | aday yok

  === ILERLEME (100/200) ===
  Tamamlanan:   100
  Basarisiz:    0
  Aday bulunan: 20
  Onayli:       20
  Sure:         80.7 dk
  ETA:          80.7 dk

[101/200] TIC 283858887 S57 Transit Least Squares TLS 1.32 (5 Apr 2024)
Creating model cache for 38 durations
Searching 17975 data points, 2648 periods from 0.601 to 14.375 days
Using 1 of 8 CPU threads
Searching for best T0 for period 14.13239 days
Transit Least Squares TLS 1.32 (5 Apr 2024)
Creating model cache for 38 durations
Searching 17975 data points, 2648 periods from 0.601 to 14.375 days
Using 1 of 8 CPU threads
Searching for best T0 for period 14.13239 days
| ADAY BULUNDU | Sinif A | Skor 100
[102/200] TIC 405291867 S42 | aday yok
[103/200] TIC 466437830 S42 | aday yok
[104/200] TIC 257203315 S42 | aday yok
[105/200] TIC 258868211 S57 Transit Least Squares TLS 1.32 (5 Apr 2024)
Creating model cache for 30 durations
Searching 17973 data points, 116 periods from 6.506 to 7.939 days
Using 1 of 8 CPU threads
Searching for best T0 for period 7.59429 days
Transit Least Squares TLS 1.32 (5 Apr 2024)
Creating model cache for 30 durations
Searching 17973 data points, 116 periods from 6.506 to 7.939 days
Using 1 of 8 CPU threads
Searching for best T0 for period 7.59429 days
| aday yok
[106/200] TIC 414782563 S42 Transit Least Squares TLS 1.32 (5 Apr 2024)
Creating model cache for 31 durations
Searching 11090 data points, 152 periods from 8.612 to 11.514 days
Using 1 of 8 CPU threads
Searching for best T0 for period 11.15022 days
Transit Least Squares TLS 1.32 (5 Apr 2024)
Creating model cache for 31 durations
Searching 11090 data points, 152 periods from 8.612 to 11.514 days
Using 1 of 8 CPU threads
Searching for best T0 for period 11.15022 days
| aday yok
[107/200] TIC 354532520 S17 Transit Least Squares TLS 1.32 (5 Apr 2024)
Creating model cache for 30 durations
Searching 13019 data points, 109 periods from 8.937 to 10.895 days
Using 1 of 8 CPU threads
Searching for best T0 for period 9.90566 days
Transit Least Squares TLS 1.32 (5 Apr 2024)
Creating model cache for 30 durations
Searching 13019 data points, 109 periods from 8.937 to 10.895 days
Using 1 of 8 CPU threads
Searching for best T0 for period 9.90566 days
| ADAY BULUNDU | Sinif A | Skor 100
[108/200] TIC 194140684 S17 Transit Least Squares TLS 1.32 (5 Apr 2024)
Creating model cache for 31 durations
Searching 13086 data points, 206 periods from 7.698 to 11.651 days
Using 1 of 8 CPU threads
Searching for best T0 for period 9.06047 days
Transit Least Squares TLS 1.32 (5 Apr 2024)
Creating model cache for 31 durations
Searching 13086 data points, 206 periods from 7.698 to 11.651 days
Using 1 of 8 CPU threads
Searching for best T0 for period 9.06047 days
| aday yok
[109/200] TIC 194529345 S17 | aday yok
[110/200] TIC 401427741 S42 | aday yok

  === ILERLEME (110/200) ===
  Tamamlanan:   110
  Basarisiz:    0
  Aday bulunan: 22
  Onayli:       22
  Sure:         90.8 dk
  ETA:          74.3 dk

[111/200] TIC 461577810 S40 | aday yok
[112/200] TIC 418755917 S42 | aday yok
[113/200] TIC 303240616 S42 Transit Least Squares TLS 1.32 (5 Apr 2024)
Creating model cache for 32 durations
Searching 11037 data points, 281 periods from 6.776 to 11.478 days
Using 1 of 8 CPU threads
Searching for best T0 for period 9.29841 days
Transit Least Squares TLS 1.32 (5 Apr 2024)
Creating model cache for 32 durations
Searching 11037 data points, 281 periods from 6.776 to 11.478 days
Using 1 of 8 CPU threads
Searching for best T0 for period 9.29841 days
| aday yok
[114/200] TIC 403024431 S42 | aday yok
[115/200] TIC 293405740 S42 | aday yok
[116/200] TIC 52005222 S42 | aday yok
[117/200] TIC 58764257 S42 | aday yok
[118/200] TIC 405212176 S42 Transit Least Squares TLS 1.32 (5 Apr 2024)
Creating model cache for 37 durations
Searching 10997 data points, 2021 periods from 0.601 to 11.45 days
Using 1 of 8 CPU threads
Searching for best T0 for period 9.90228 days
| ADAY BULUNDU | Sinif C | Skor 60
[119/200] TIC 57988234 S17 | aday yok
[120/200] TIC 202601061 S17 Transit Least Squares TLS 1.32 (5 Apr 2024)
Creating model cache for 17 durations
Searching 12584 data points, 230 periods from 0.595 to 0.727 days
Using 1 of 8 CPU threads
Searching for best T0 for period 0.66078 days
| ADAY BULUNDU | Sinif X | Skor 70

  === ILERLEME (120/200) ===
  Tamamlanan:   120
  Basarisiz:    0
  Aday bulunan: 24
  Onayli:       24
  Sure:         97.0 dk
  ETA:          64.7 dk

[121/200] TIC 466442843 S42 Transit Least Squares TLS 1.32 (5 Apr 2024)
Creating model cache for 31 durations
Searching 11090 data points, 138 periods from 8.345 to 11.514 days
Using 1 of 8 CPU threads
Searching for best T0 for period 8.45753 days
Transit Least Squares TLS 1.32 (5 Apr 2024)
Creating model cache for 31 durations
Searching 11090 data points, 138 periods from 8.345 to 11.514 days
Using 1 of 8 CPU threads
Searching for best T0 for period 8.45753 days
| ADAY BULUNDU | Sinif A | Skor 100
[122/200] TIC 440045557 S17 | aday yok
[123/200] TIC 395320272 S42 | aday yok
[124/200] TIC 397586524 S42 Transit Least Squares TLS 1.32 (5 Apr 2024)
Creating model cache for 31 durations
Searching 11088 data points, 209 periods from 7.779 to 11.514 days
Using 1 of 8 CPU threads
Searching for best T0 for period 7.77870 days
Transit Least Squares TLS 1.32 (5 Apr 2024)
Creating model cache for 31 durations
Searching 11088 data points, 209 periods from 7.779 to 11.514 days
Using 1 of 8 CPU threads
Searching for best T0 for period 7.77870 days
| ADAY BULUNDU | Sinif A | Skor 100
[125/200] TIC 405187462 S42 | aday yok
[126/200] TIC 150815724 S57 | aday yok
[127/200] TIC 405212578 S42 | aday yok
[128/200] TIC 411524787 S17 Transit Least Squares TLS 1.32 (5 Apr 2024)
Creating model cache for 30 durations
Searching 13009 data points, 105 periods from 8.386 to 10.22 days
Using 1 of 8 CPU threads
Searching for best T0 for period 9.31323 days
Transit Least Squares TLS 1.32 (5 Apr 2024)
Creating model cache for 30 durations
Searching 13009 data points, 105 periods from 8.386 to 10.22 days
Using 1 of 8 CPU threads
Searching for best T0 for period 9.31323 days
| ADAY BULUNDU | Sinif A | Skor 100
[129/200] TIC 418759634 S42 Transit Least Squares TLS 1.32 (5 Apr 2024)
Creating model cache for 30 durations
Searching 11090 data points, 118 periods from 4.378 to 5.341 days
Using 1 of 8 CPU threads
Searching for best T0 for period 4.85637 days
Transit Least Squares TLS 1.32 (5 Apr 2024)
Creating model cache for 30 durations
Searching 11090 data points, 118 periods from 4.378 to 5.341 days
Using 1 of 8 CPU threads
Searching for best T0 for period 4.85637 days
| ADAY BULUNDU | Sinif A | Skor 100
[130/200] TIC 257304462 S42 | aday yok

  === ILERLEME (130/200) ===
  Tamamlanan:   130
  Basarisiz:    0
  Aday bulunan: 28
  Onayli:       28
  Sure:         103.7 dk
  ETA:          55.8 dk

[131/200] TIC 466441471 S42 Transit Least Squares TLS 1.32 (5 Apr 2024)
Creating model cache for 31 durations
Searching 10914 data points, 201 periods from 7.708 to 11.417 days
Using 1 of 8 CPU threads
Searching for best T0 for period 10.55314 days
Transit Least Squares TLS 1.32 (5 Apr 2024)
Creating model cache for 31 durations
Searching 10914 data points, 201 periods from 7.708 to 11.417 days
Using 1 of 8 CPU threads
Searching for best T0 for period 10.55314 days
| aday yok
[132/200] TIC 44523196 S17 Transit Least Squares TLS 1.32 (5 Apr 2024)
Creating model cache for 31 durations
Searching 12934 data points, 210 periods from 7.8 to 11.681 days
Using 1 of 8 CPU threads
Searching for best T0 for period 9.30891 days
Transit Least Squares TLS 1.32 (5 Apr 2024)
Creating model cache for 31 durations
Searching 12934 data points, 210 periods from 7.8 to 11.681 days
Using 1 of 8 CPU threads
Searching for best T0 for period 9.30891 days
| aday yok
[133/200] TIC 293371131 S42 | aday yok
[134/200] TIC 468348199 S42 | aday yok
[135/200] TIC 378534010 S58 | aday yok
[136/200] TIC 401422819 S42 Transit Least Squares TLS 1.32 (5 Apr 2024)
Creating model cache for 37 durations
Searching 10985 data points, 2019 periods from 0.601 to 11.441 days
Using 1 of 8 CPU threads
Searching for best T0 for period 4.39537 days
Transit Least Squares TLS 1.32 (5 Apr 2024)
Creating model cache for 37 durations
Searching 10985 data points, 2019 periods from 0.601 to 11.441 days
Using 1 of 8 CPU threads
Searching for best T0 for period 4.39537 days
| aday yok
[137/200] TIC 397586075 S42 | aday yok
[138/200] TIC 257305591 S42 Transit Least Squares TLS 1.32 (5 Apr 2024)
Creating model cache for 30 durations
Searching 11087 data points, 114 periods from 3.617 to 4.411 days
Using 1 of 8 CPU threads
Searching for best T0 for period 4.01209 days
Transit Least Squares TLS 1.32 (5 Apr 2024)
Creating model cache for 30 durations
Searching 11087 data points, 114 periods from 3.617 to 4.411 days
Using 1 of 8 CPU threads
Searching for best T0 for period 4.01209 days
| ADAY BULUNDU | Sinif A | Skor 100
[139/200] TIC 150784941 S57 Transit Least Squares TLS 1.32 (5 Apr 2024)
Creating model cache for 30 durations
Searching 17977 data points, 123 periods from 6.739 to 8.22 days
Using 1 of 8 CPU threads
Searching for best T0 for period 7.49129 days
Transit Least Squares TLS 1.32 (5 Apr 2024)
Creating model cache for 30 durations
Searching 17977 data points, 123 periods from 6.739 to 8.22 days
Using 1 of 8 CPU threads
Searching for best T0 for period 7.49129 days
| ADAY BULUNDU | Sinif A | Skor 100
[140/200] TIC 115545320 S17 Transit Least Squares TLS 1.32 (5 Apr 2024)
Creating model cache for 37 durations
Searching 12699 data points, 2008 periods from 0.601 to 11.39 days
Using 1 of 8 CPU threads
Searching for best T0 for period 6.99002 days
Transit Least Squares TLS 1.32 (5 Apr 2024)
Creating model cache for 37 durations
Searching 12699 data points, 2008 periods from 0.601 to 11.39 days
Using 1 of 8 CPU threads
Searching for best T0 for period 6.99002 days
| aday yok

  === ILERLEME (140/200) ===
  Tamamlanan:   140
  Basarisiz:    0
  Aday bulunan: 30
  Onayli:       30
  Sure:         111.5 dk
  ETA:          47.8 dk

[141/200] TIC 405187209 S42 | aday yok
[142/200] TIC 257322198 S42 Transit Least Squares TLS 1.32 (5 Apr 2024)
Creating model cache for 31 durations
Searching 10842 data points, 160 periods from 8.306 to 11.392 days
Using 1 of 8 CPU threads
Searching for best T0 for period 9.91158 days
Transit Least Squares TLS 1.32 (5 Apr 2024)
Creating model cache for 31 durations
Searching 10842 data points, 160 periods from 8.306 to 11.392 days
Using 1 of 8 CPU threads
Searching for best T0 for period 9.91158 days
| aday yok
[143/200] TIC 440657189 S17 Transit Least Squares TLS 1.32 (5 Apr 2024)
Creating model cache for 37 durations
Searching 12642 data points, 2042 periods from 0.601 to 11.551 days
Using 1 of 8 CPU threads
Searching for best T0 for period 0.78048 days
| ADAY BULUNDU | Sinif X | Skor 20
[144/200] TIC 411527645 S17 Transit Least Squares TLS 1.32 (5 Apr 2024)
Creating model cache for 30 durations
Searching 13009 data points, 104 periods from 9.626 to 11.741 days
Using 1 of 8 CPU threads
Searching for best T0 for period 10.01295 days
Transit Least Squares TLS 1.32 (5 Apr 2024)
Creating model cache for 30 durations
Searching 13009 data points, 104 periods from 9.626 to 11.741 days
Using 1 of 8 CPU threads
Searching for best T0 for period 10.01295 days
| aday yok
[145/200] TIC 293305075 S42 Transit Least Squares TLS 1.32 (5 Apr 2024)
Creating model cache for 30 durations
Searching 10973 data points, 109 periods from 4.886 to 5.96 days
Using 1 of 8 CPU threads
Searching for best T0 for period 5.83667 days
Transit Least Squares TLS 1.32 (5 Apr 2024)
Creating model cache for 30 durations
Searching 10973 data points, 109 periods from 4.886 to 5.96 days
Using 1 of 8 CPU threads
Searching for best T0 for period 5.83667 days
| aday yok
[146/200] TIC 257247422 S42 Transit Least Squares TLS 1.32 (5 Apr 2024)
Creating model cache for 30 durations
Searching 10898 data points, 113 periods from 7.45 to 9.092 days
Using 1 of 8 CPU threads
Searching for best T0 for period 8.29014 days
Transit Least Squares TLS 1.32 (5 Apr 2024)
Creating model cache for 30 durations
Searching 10898 data points, 113 periods from 7.45 to 9.092 days
Using 1 of 8 CPU threads
Searching for best T0 for period 8.29014 days
| ADAY BULUNDU | Sinif A | Skor 100
[147/200] TIC 401423949 S42 | aday yok
[148/200] TIC 293360401 S42 | aday yok
[149/200] TIC 405191414 S42 | aday yok
[150/200] TIC 408230206 S42 | aday yok

  === ILERLEME (150/200) ===
  Tamamlanan:   150
  Basarisiz:    0
  Aday bulunan: 32
  Onayli:       32
  Sure:         118.0 dk
  ETA:          39.3 dk

[151/200] TIC 401422478 S42 | aday yok
[152/200] TIC 58018570 S17 Transit Least Squares TLS 1.32 (5 Apr 2024)
Creating model cache for 25 durations
Searching 13021 data points, 180 periods from 1.828 to 2.231 days
Using 1 of 8 CPU threads
Searching for best T0 for period 2.03113 days
Transit Least Squares TLS 1.32 (5 Apr 2024)
Creating model cache for 25 durations
Searching 13021 data points, 180 periods from 1.828 to 2.231 days
Using 1 of 8 CPU threads
Searching for best T0 for period 2.03113 days
| ADAY BULUNDU | Sinif A | Skor 100
[153/200] TIC 58028911 S17 | aday yok
[154/200] TIC 395320482 S42 Transit Least Squares TLS 1.32 (5 Apr 2024)
Creating model cache for 31 durations
Searching 11090 data points, 156 periods from 8.464 to 11.514 days
Using 1 of 8 CPU threads
Searching for best T0 for period 8.46445 days
Transit Least Squares TLS 1.32 (5 Apr 2024)
Creating model cache for 31 durations
Searching 11090 data points, 156 periods from 8.464 to 11.514 days
Using 1 of 8 CPU threads
Searching for best T0 for period 8.46445 days
| ADAY BULUNDU | Sinif A | Skor 100
[155/200] TIC 293282151 S42 Transit Least Squares TLS 1.32 (5 Apr 2024)
Creating model cache for 37 durations
Searching 11086 data points, 2035 periods from 0.601 to 11.514 days
Using 1 of 8 CPU threads
Searching for best T0 for period 5.53171 days
Transit Least Squares TLS 1.32 (5 Apr 2024)
Creating model cache for 37 durations
Searching 11086 data points, 2035 periods from 0.601 to 11.514 days
Using 1 of 8 CPU threads
Searching for best T0 for period 5.53171 days
| ADAY BULUNDU | Sinif A | Skor 100
[156/200] TIC 418755864 S42 | aday yok
[157/200] TIC 293361638 S42 | aday yok
[158/200] TIC 401424336 S42 | aday yok
[159/200] TIC 336691315 S42 | aday yok
[160/200] TIC 293361513 S42 | aday yok

  === ILERLEME (160/200) ===
  Tamamlanan:   160
  Basarisiz:    0
  Aday bulunan: 35
  Onayli:       35
  Sure:         124.4 dk
  ETA:          31.1 dk

[161/200] TIC 201866209 S57 Transit Least Squares TLS 1.32 (5 Apr 2024)
Creating model cache for 31 durations
Searching 17979 data points, 129 periods from 10.884 to 14.376 days
Using 1 of 8 CPU threads
Searching for best T0 for period 13.22913 days
Transit Least Squares TLS 1.32 (5 Apr 2024)
Creating model cache for 31 durations
Searching 17979 data points, 129 periods from 10.884 to 14.376 days
Using 1 of 8 CPU threads
Searching for best T0 for period 13.22913 days
| aday yok
[162/200] TIC 257193333 S42 | aday yok
[163/200] TIC 238393072 S57 Transit Least Squares TLS 1.32 (5 Apr 2024)
Creating model cache for 38 durations
Searching 17894 data points, 2648 periods from 0.601 to 14.375 days
Using 1 of 8 CPU threads
Searching for best T0 for period 7.28349 days
| ADAY BULUNDU | Sinif A | Skor 100
[164/200] TIC 293405902 S42 Transit Least Squares TLS 1.32 (5 Apr 2024)
Creating model cache for 31 durations
Searching 10958 data points, 152 periods from 8.488 to 11.463 days
Using 1 of 8 CPU threads
Searching for best T0 for period 11.46298 days
Transit Least Squares TLS 1.32 (5 Apr 2024)
Creating model cache for 31 durations
Searching 10958 data points, 152 periods from 8.488 to 11.463 days
Using 1 of 8 CPU threads
Searching for best T0 for period 11.46298 days
| aday yok
[165/200] TIC 437737143 S17 Transit Least Squares TLS 1.32 (5 Apr 2024)
Creating model cache for 32 durations
Searching 13016 data points, 244 periods from 7.386 to 11.741 days
Using 1 of 8 CPU threads
Searching for best T0 for period 11.62119 days
Transit Least Squares TLS 1.32 (5 Apr 2024)
Creating model cache for 32 durations
Searching 13016 data points, 244 periods from 7.386 to 11.741 days
Using 1 of 8 CPU threads
Searching for best T0 for period 11.62119 days
| aday yok
[166/200] TIC 52051614 S42 Transit Least Squares TLS 1.32 (5 Apr 2024)
Creating model cache for 37 durations
Searching 11090 data points, 2035 periods from 0.601 to 11.514 days
Using 1 of 8 CPU threads
Searching for best T0 for period 2.11653 days
Transit Least Squares TLS 1.32 (5 Apr 2024)
Creating model cache for 37 durations
Searching 11090 data points, 2035 periods from 0.601 to 11.514 days
Using 1 of 8 CPU threads
Searching for best T0 for period 2.11653 days
| aday yok
[167/200] TIC 194327926 S17 Transit Least Squares TLS 1.32 (5 Apr 2024)
Creating model cache for 32 durations
Searching 13067 data points, 259 periods from 7.052 to 11.644 days
Using 1 of 8 CPU threads
Searching for best T0 for period 11.59449 days
Transit Least Squares TLS 1.32 (5 Apr 2024)
Creating model cache for 32 durations
Searching 13067 data points, 259 periods from 7.052 to 11.644 days
Using 1 of 8 CPU threads
Searching for best T0 for period 11.59449 days
| aday yok
[168/200] TIC 293359889 S42 | aday yok
[169/200] TIC 51987617 S42 | aday yok
[170/200] TIC 401422464 S42 | aday yok

  === ILERLEME (170/200) ===
  Tamamlanan:   170
  Basarisiz:    0
  Aday bulunan: 36
  Onayli:       36
  Sure:         131.9 dk
  ETA:          23.3 dk

[171/200] TIC 257193673 S42 Transit Least Squares TLS 1.32 (5 Apr 2024)
Creating model cache for 30 durations
Searching 10901 data points, 113 periods from 6.501 to 7.927 days
Using 1 of 8 CPU threads
Searching for best T0 for period 7.05411 days
Transit Least Squares TLS 1.32 (5 Apr 2024)
Creating model cache for 30 durations
Searching 10901 data points, 113 periods from 6.501 to 7.927 days
Using 1 of 8 CPU threads
Searching for best T0 for period 7.05411 days
| aday yok
[172/200] TIC 418759763 S42 | aday yok
[173/200] TIC 405191093 S42 | aday yok
[174/200] TIC 403024405 S42 | aday yok
[175/200] TIC 461577024 S40 | aday yok
[176/200] TIC 437737149 S17 Transit Least Squares TLS 1.32 (5 Apr 2024)
Creating model cache for 30 durations
Searching 13018 data points, 121 periods from 4.908 to 5.983 days
Using 1 of 8 CPU threads
Searching for best T0 for period 5.44592 days
Transit Least Squares TLS 1.32 (5 Apr 2024)
Creating model cache for 30 durations
Searching 13018 data points, 121 periods from 4.908 to 5.983 days
Using 1 of 8 CPU threads
Searching for best T0 for period 5.44592 days
| ADAY BULUNDU | Sinif A | Skor 100
[177/200] TIC 293371397 S42 Transit Least Squares TLS 1.32 (5 Apr 2024)
Creating model cache for 37 durations
Searching 11090 data points, 2035 periods from 0.601 to 11.514 days
Using 1 of 8 CPU threads
Searching for best T0 for period 5.01970 days
| ADAY BULUNDU | Sinif A | Skor 100
[178/200] TIC 194302749 S17 | aday yok
[179/200] TIC 293344422 S42 Transit Least Squares TLS 1.32 (5 Apr 2024)
Creating model cache for 37 durations
Searching 11014 data points, 2024 periods from 0.601 to 11.464 days
Using 1 of 8 CPU threads
Searching for best T0 for period 9.63965 days
| ADAY BULUNDU | Sinif A | Skor 100
[180/200] TIC 401424886 S42 | aday yok

  === ILERLEME (180/200) ===
  Tamamlanan:   180
  Basarisiz:    0
  Aday bulunan: 39
  Onayli:       39
  Sure:         138.8 dk
  ETA:          15.4 dk

[181/200] TIC 408506386 S42 | aday yok
[182/200] TIC 52006002 S42 | aday yok
[183/200] TIC 405271829 S42 | aday yok
[184/200] TIC 336724913 S42 Transit Least Squares TLS 1.32 (5 Apr 2024)
Creating model cache for 37 durations
Searching 11015 data points, 2026 periods from 0.602 to 11.476 days
Using 1 of 8 CPU threads
Searching for best T0 for period 11.47626 days
| ADAY BULUNDU | Sinif C | Skor 64
[185/200] TIC 52052128 S42 | aday yok
[186/200] TIC 411528516 S57 | aday yok
[187/200] TIC 468345351 S42 Transit Least Squares TLS 1.32 (5 Apr 2024)
Creating model cache for 30 durations
Searching 10806 data points, 112 periods from 4.71 to 5.744 days
Using 1 of 8 CPU threads
Searching for best T0 for period 5.21598 days
Transit Least Squares TLS 1.32 (5 Apr 2024)
Creating model cache for 30 durations
Searching 10806 data points, 112 periods from 4.71 to 5.744 days
Using 1 of 8 CPU threads
Searching for best T0 for period 5.21598 days
| ADAY BULUNDU | Sinif A | Skor 100
[188/200] TIC 38398342 S42 | aday yok
[189/200] TIC 115511182 S17 | aday yok
[190/200] TIC 408505170 S42 Transit Least Squares TLS 1.32 (5 Apr 2024)
Creating model cache for 32 durations
Searching 11063 data points, 199 periods from 6.76 to 11.511 days
Using 1 of 8 CPU threads
Searching for best T0 for period 11.31010 days
Transit Least Squares TLS 1.32 (5 Apr 2024)
Creating model cache for 32 durations
Searching 11063 data points, 199 periods from 6.76 to 11.511 days
Using 1 of 8 CPU threads
Searching for best T0 for period 11.31010 days
| aday yok

  === ILERLEME (190/200) ===
  Tamamlanan:   190
  Basarisiz:    0
  Aday bulunan: 41
  Onayli:       41
  Sure:         145.8 dk
  ETA:          7.7 dk

[191/200] TIC 466440318 S42 | aday yok
[192/200] TIC 257322770 S42 Transit Least Squares TLS 1.32 (5 Apr 2024)
Creating model cache for 15 durations
Searching 10584 data points, 270 periods from 0.441 to 0.535 days
Using 1 of 8 CPU threads
Searching for best T0 for period 0.48510 days
Transit Least Squares TLS 1.32 (5 Apr 2024)
Creating model cache for 15 durations
Searching 10584 data points, 270 periods from 0.441 to 0.535 days
Using 1 of 8 CPU threads
Searching for best T0 for period 0.48510 days
| ADAY BULUNDU | Sinif A | Skor 100
[193/200] TIC 408230230 S42 | aday yok
[194/200] TIC 357392128 S42 Transit Least Squares TLS 1.32 (5 Apr 2024)
Creating model cache for 32 durations
Searching 11090 data points, 207 periods from 7.131 to 11.514 days
Using 1 of 8 CPU threads
Searching for best T0 for period 7.13088 days
Transit Least Squares TLS 1.32 (5 Apr 2024)
Creating model cache for 32 durations
Searching 11090 data points, 207 periods from 7.131 to 11.514 days
Using 1 of 8 CPU threads
Searching for best T0 for period 7.13088 days
| ADAY BULUNDU | Sinif A | Skor 100
[195/200] TIC 52051804 S42 | aday yok
[196/200] TIC 407518595 S18 | aday yok
[197/200] TIC 468335571 S42 | aday yok
[198/200] TIC 414781790 S42 | aday yok
[199/200] TIC 51943533 S42 | aday yok
[200/200] TIC 58030512 S17 | aday yok

  === ILERLEME (200/200) ===
  Tamamlanan:   200
  Basarisiz:    0
  Aday bulunan: 43
  Onayli:       43
  Sure:         152.1 dk
  ETA:          0.0 dk


========================================================================
  KESIF TARAMASI TAMAMLANDI
========================================================================
  Sure: 152.1 dk
  Basarili: 200
  Basarisiz: 0
  Aday bulunan: 43
  Onayli: 43

  Sonraki adim:
    python scripts/discovery/classify_novelty.py
========================================================================
