outputs_discovery/discovery_classified.parquet
outputs_discovery/discovery_progress.json
outputs_discovery/json/TIC_115545320_S17.json
outputs_discovery/json/TIC_117956546_S57.json
outputs_discovery/json/TIC_150784941_S57.json
outputs_discovery/json/TIC_194140684_S17.json
outputs_discovery/json/TIC_194327926_S17.json
outputs_discovery/json/TIC_194459612_S17.json
outputs_discovery/json/TIC_194531699_S17.json
outputs_discovery/json/TIC_201778444_S57.json
outputs_discovery/json/TIC_201866209_S57.json
outputs_discovery/json/TIC_202601061_S17.json
outputs_discovery/json/TIC_22527304_S17.json
outputs_discovery/json/TIC_238305920_S17.json
outputs_discovery/json/TIC_238393072_S57.json
outputs_discovery/json/TIC_238432056_S17.json
outputs_discovery/json/TIC_257193673_S42.json
outputs_discovery/json/TIC_257247422_S42.json
outputs_discovery/json/TIC_257305591_S42.json
outputs_discovery/json/TIC_257322198_S42.json
outputs_discovery/json/TIC_257322770_S42.json
outputs_discovery/json/TIC_258866681_S57.json
outputs_discovery/json/TIC_258868211_S57.json
outputs_discovery/json/TIC_274805229_S18.json
outputs_discovery/json/TIC_283858887_S57.json
outputs_discovery/json/TIC_293282151_S42.json
outputs_discovery/json/TIC_293305075_S42.json
outputs_discovery/json/TIC_293344422_S42.json
outputs_discovery/json/TIC_293360863_S42.json
outputs_discovery/json/TIC_293371397_S42.json
outputs_discovery/json/TIC_293405902_S42.json
outputs_discovery/json/TIC_303240616_S42.json
outputs_discovery/json/TIC_306119022_S17.json
outputs_discovery/json/TIC_326682209_S57.json
outputs_discovery/json/TIC_327000122_S17.json
outputs_discovery/json/TIC_331928059_S52.json
outputs_discovery/json/TIC_336724913_S42.json
outputs_discovery/json/TIC_347299560_S24.json
outputs_discovery/json/TIC_352179145_S17.json
outputs_discovery/json/TIC_354532520_S17.json
outputs_discovery/json/TIC_357392128_S42.json
outputs_discovery/json/TIC_365961623_S17.json
outputs_discovery/json/TIC_365963199_S17.json
outputs_discovery/json/TIC_373062137_S18.json
outputs_discovery/json/TIC_373150643_S18.json
outputs_discovery/json/TIC_373150657_S18.json
outputs_discovery/json/TIC_373236404_S18.json
outputs_discovery/json/TIC_373278642_S18.json
outputs_discovery/json/TIC_373456697_S18.json
outputs_discovery/json/TIC_373513128_S18.json
outputs_discovery/json/TIC_38380363_S42.json
outputs_discovery/json/TIC_388583017_S18.json
outputs_discovery/json/TIC_388604517_S18.json
outputs_discovery/json/TIC_388633951_S18.json
outputs_discovery/json/TIC_388637626_S18.json
outputs_discovery/json/TIC_395320482_S42.json
outputs_discovery/json/TIC_397586524_S42.json
outputs_discovery/json/TIC_401422819_S42.json
outputs_discovery/json/TIC_405187645_S42.json
outputs_discovery/json/TIC_405189795_S42.json
outputs_discovery/json/TIC_405210193_S42.json
outputs_discovery/json/TIC_405212176_S42.json
outputs_discovery/json/TIC_407393440_S18.json
outputs_discovery/json/TIC_407423779_S18.json
outputs_discovery/json/TIC_407430919_S18.json
outputs_discovery/json/TIC_407459603_S18.json
outputs_discovery/json/TIC_408505170_S42.json
outputs_discovery/json/TIC_411524787_S17.json
outputs_discovery/json/TIC_411527645_S17.json
outputs_discovery/json/TIC_411528516_S57.json
outputs_discovery/json/TIC_414782563_S42.json
outputs_discovery/json/TIC_415779282_S17.json
outputs_discovery/json/TIC_418759634_S42.json
outputs_discovery/json/TIC_427332476_S42.json
outputs_discovery/json/TIC_428737024_S18.json
outputs_discovery/json/TIC_437737143_S17.json
outputs_discovery/json/TIC_437737149_S17.json
outputs_discovery/json/TIC_437739969_S17.json
outputs_discovery/json/TIC_437752575_S17.json
outputs_discovery/json/TIC_439946042_S17.json
outputs_discovery/json/TIC_439949948_S17.json
outputs_discovery/json/TIC_439996850_S17.json
outputs_discovery/json/TIC_440064545_S17.json
outputs_discovery/json/TIC_440657189_S17.json
outputs_discovery/json/TIC_440672051_S17.json
outputs_discovery/json/TIC_44453366_S17.json
outputs_discovery/json/TIC_44523196_S17.json
outputs_discovery/json/TIC_461342461_S24.json
outputs_discovery/json/TIC_461585810_S18.json
outputs_discovery/json/TIC_461590771_S18.json
outputs_discovery/json/TIC_466441471_S42.json
outputs_discovery/json/TIC_466442843_S42.json
outputs_discovery/json/TIC_468255882_S19.json
outputs_discovery/json/TIC_468258403_S18.json
outputs_discovery/json/TIC_468264605_S18.json
outputs_discovery/json/TIC_468345351_S42.json
outputs_discovery/json/TIC_52051614_S42.json
outputs_discovery/json/TIC_52052128_S42.json
outputs_discovery/json/TIC_57916666_S17.json
outputs_discovery/json/TIC_58018570_S17.json
outputs_discovery/json/TIC_58732360_S42.json
outputs_discovery/json/all_candidates.jsonl
outputs_discovery/novel_candidates.csv
outputs_discovery/novel_candidates.parquet
outputs_discovery/novel_candidates_prioritized.csv
outputs_discovery/novel_candidates_prioritized.parquet
outputs_discovery/novel_candidates_science_prioritized.csv
outputs_discovery/novel_candidates_science_prioritized.parquet
outputs_discovery/parquet/astrotransit_candidates.parquet
