=================================================================
  AstroTransit Kurulum Doğrulama
=================================================================
  Python : 3.12.3
  Kök    : /mnt/c/Users/Gamze/Desktop/projects/AstroTransit

── Temel Paketler ──
  ✓ astropy                        8.0.1
  ✓ astroquery                     0.4.11
  ✓ lightkurve                     2.4.2
  ✓ numpy                          2.4.6
  ✓ scipy                          1.18.0
  ✓ pandas                         3.0.3
  ✓ pyarrow                        25.0.0
  ✓ matplotlib                     3.11.0
  ✓ plotly                         6.9.0
  ✓ pydantic                       2.13.4
  ✓ loguru                         0.7.3
  ✓ typer                          0.26.8
  ✓ rich                           ?
  ✓ streamlit                      1.59.1
  ✓ wotan                          ?
  ✓ transitleastsquares            ?
  ✓ batman-package                 2.5.1
  ✓ boto3                          1.43.45
  ✓ tqdm                           4.68.4

── Opsiyonel Paketler ──
  ✓ celerite2                      0.3.2
  ✓ pymc                           6.1.0
  ✓ exoplanet                      0.6.0
  ✓ arviz                          1.2.0

── AstroTransit Modülleri ──
  ✓ astrotransit                                  
  ✓ at.settings                                   
  ✓ at.logging_config                             
  ✓ at.utils.paths                                
  ✓ at.utils.identifiers                          
  ✓ at.utils.time                                 
  ✓ at.data.temp_cache                            
  ✓ at.data.mast_client                           
  ✓ at.data.tess_client                           
  ✓ at.data.catalog_client                        
  ✓ at.preprocessing.normalization                
  ✓ at.preprocessing.cleaning                     
  ✓ at.preprocessing.tess_detrend                 
  ✓ at.preprocessing.pipeline                     
  ✓ at.detection.thresholds                       
  ✓ at.detection.bls_search                       
  ✓ at.detection.tls_search                       
  ✓ at.detection.cascade                          
  ✓ at.modeling.parameters                        
  ✓ at.modeling.transit_model                     
  ✓ at.modeling.map_fit                           
  ✓ at.modeling.fitter                            
  ✓ at.quality.metrics                            
  ✓ at.quality.snr                                
  ✓ at.quality.vetting                            
  ✓ at.quality.scorer                             
  ✓ at.quality.pipeline                           
  ✓ at.outputs.schemas                            
  ✓ at.outputs.parquet_writer                     
  ✓ at.outputs.json_writer                        
  ✓ at.outputs.csv_export                         
  ✓ at.outputs.writers                            
  ✓ at.visualization.base                         
  ✓ at.pipelines.tess_pipeline                    
  ✓ at.pipelines.orchestrator                     

── Konfigürasyon ──
  ✓ default.toml bulundu
  ✓ Pydantic doğrulama başarılı
    log_level          : INFO
    tess.author        : SPOC
    tess.exptime       : 120s
    detection.min_p    : 0.3d
    detection.max_p    : 30.0d
    fit_method         : map
    mcmc_snr_threshold : 10.0

=================================================================
  ✓ TÜM KONTROLLER BAŞARILI — Proje çalışmaya hazır!

  Sonraki adım:
    python scripts/discovery/download_toi_catalog.py
    python scripts/discovery/run_discovery_pilot_v2.py --limit 5 --no-viz
=================================================================
