=== TIC 439946042 S17 MCMC ===
Transit Least Squares TLS 1.32 (5 Apr 2024)
Creating model cache for 30 durations
Searching 13073 data points, 105 periods from 7.705 to 9.389 days
Using 1 of 8 CPU threads
Searching for best T0 for period 8.54065 days
Transit Least Squares TLS 1.32 (5 Apr 2024)
Creating model cache for 30 durations
Searching 13073 data points, 105 periods from 7.705 to 9.389 days
Using 1 of 8 CPU threads
Searching for best T0 for period 8.54065 days
========================================================================
Novel Follow-up Sonucu
========================================================================
{'target_id': 'TIC 439946042', 'success': True, 'sectors_processed': 1, 'candidates_found': 1, 'candidates_confirmed': 1, 'error': ''}
{'target_id': 'TIC 439946042', 'sector': 17, 'success': True, 'has_candidate': True, 'candidate_confirmed': True, 'error': '', 'score': 100.0, 'class': 'A'}
========================================================================
Cikti dizini: outputs_novel_mcmc
Gorseller: outputs_novel_mcmc/figures
JSON: outputs_novel_mcmc/json
Parquet: outputs_novel_mcmc/parquet
