=== TIC 427332476 S42 MCMC ===
Transit Least Squares TLS 1.32 (5 Apr 2024)
Creating model cache for 30 durations
Searching 10975 data points, 107 periods from 8.848 to 10.789 days
Using 1 of 8 CPU threads
Searching for best T0 for period 9.80953 days
Transit Least Squares TLS 1.32 (5 Apr 2024)
Creating model cache for 30 durations
Searching 10975 data points, 107 periods from 8.848 to 10.789 days
Using 1 of 8 CPU threads
Searching for best T0 for period 9.80953 days
========================================================================
Novel Follow-up Sonucu
========================================================================
{'target_id': 'TIC 427332476', 'success': True, 'sectors_processed': 1, 'candidates_found': 1, 'candidates_confirmed': 1, 'error': ''}
{'target_id': 'TIC 427332476', 'sector': 42, 'success': True, 'has_candidate': True, 'candidate_confirmed': True, 'error': '', 'score': 100.0, 'class': 'A'}
========================================================================
Cikti dizini: outputs_novel_mcmc
Gorseller: outputs_novel_mcmc/figures
JSON: outputs_novel_mcmc/json
Parquet: outputs_novel_mcmc/parquet
