========================================================================
Discovery Candidate Prioritization
========================================================================
discovery_priority
WATCHLIST    5
REJECT       4
FOLLOWUP     3
Name: count, dtype: int64

    source_id  sector    period   depth_ppm  planet_radius_rearth  snr_adopted candidate_class  total_score discovery_priority                     discovery_reason
TIC 303241161      57  0.754877 1020.799192              2.205903    27.959815               A        100.0           FOLLOWUP                     strong candidate
TIC 150970759      57  0.342548  651.762494              1.333161    14.504193               A        100.0           FOLLOWUP                     strong candidate
TIC 257303702      43  1.403225  720.068053              1.956991    10.169360               A        100.0           FOLLOWUP                     strong candidate
TIC 150816111      57  6.893678  806.944516              1.379177     8.370205               A        100.0             REJECT low quality or likely false positive
TIC 439949946      17  6.704066  542.255323              0.708945     7.266490               A        100.0             REJECT low quality or likely false positive
TIC 405230222      42  4.419095  848.760474              1.604319     5.767389               A        100.0             REJECT low quality or likely false positive
TIC 327000122      17  0.000000    0.000000              0.000000     0.000000               C         50.0             REJECT                       invalid period
TIC 352179145      17 11.439335  860.009878              2.053441    18.873119               C         50.0          WATCHLIST                   moderate candidate
TIC 407393440      18 11.681307 1881.503811              2.482448    11.632636               C         50.0          WATCHLIST                   moderate candidate
TIC 150908292      17 11.563212 1047.504939              2.164242     7.378797               C         50.0          WATCHLIST                   moderate candidate
TIC 115480517      17  3.910887  655.228415              1.794629     6.226376               C         50.0          WATCHLIST                   moderate candidate
TIC 357370384      57 13.493918  415.532719              1.118307     5.577353               C         50.0          WATCHLIST                   moderate candidate

CSV: /mnt/c/Users/Gamze/Desktop/projects/AstroTransit/outputs_discovery/novel_candidates_prioritized.csv
Parquet: /mnt/c/Users/Gamze/Desktop/projects/AstroTransit/outputs_discovery/novel_candidates_prioritized.parquet
========================================================================
