========================================================================
Science Priority Refinement
========================================================================
science_priority_bucket
SMALL_COOL_SECOND_LOOK    4
LOW_PRIORITY              3
SMALL_COOL_CORE           3
SMALL_HOT                 2
Name: count, dtype: int64

    source_id  sector    period  planet_radius_rearth  equilibrium_temperature_k  snr_adopted candidate_class discovery_priority science_priority_bucket  science_priority_score                                             science_priority_reason
TIC 407393440      18 11.681307              2.482448                 459.294173    11.632636               C          WATCHLIST            LOW_PRIORITY                      30                                         watchlist; class C; snr>=10
TIC 150908292      17 11.563212              2.164242                 509.363551     7.378797               C          WATCHLIST            LOW_PRIORITY                      12            watchlist; class C; snr>=5.5; moderate odd-even mismatch
TIC 327000122      17  0.000000              0.000000                   0.000000     0.000000               C             REJECT            LOW_PRIORITY                       0                                                      invalid period
TIC 257303702      43  1.403225              1.956991                 976.888232    10.169360               A           FOLLOWUP         SMALL_COOL_CORE                      95          followup; class A; snr>=10; multi-transit; small-cool-core
TIC 150816111      57  6.893678              1.379177                 514.162601     8.370205               A             REJECT         SMALL_COOL_CORE                      65                   class A; snr>=7.5; multi-transit; small-cool-core
TIC 352179145      17 11.439335              2.053441                 512.611537    18.873119               C          WATCHLIST         SMALL_COOL_CORE                      60           watchlist; class C; snr>=10; 3+ transits; small-cool-core
TIC 405230222      42  4.419095              1.604319                 661.140687     5.767389               A             REJECT  SMALL_COOL_SECOND_LOOK                      50            class A; snr>=5.5; multi-transit; small-cool-second-look
TIC 439949946      17  6.704066              0.708945                 564.468037     7.266490               A             REJECT  SMALL_COOL_SECOND_LOOK                      45              class A; snr>=5.5; 3+ transits; small-cool-second-look
TIC 115480517      17  3.910887              1.794629                 732.042946     6.226376               C          WATCHLIST  SMALL_COOL_SECOND_LOOK                      45 watchlist; class C; snr>=5.5; multi-transit; small-cool-second-look
TIC 357370384      57 13.493918              1.118307                 415.702824     5.577353               C          WATCHLIST  SMALL_COOL_SECOND_LOOK                      40   watchlist; class C; snr>=5.5; 3+ transits; small-cool-second-look
TIC 303241161      57  0.754877              2.205903                1257.956814    27.959815               A           FOLLOWUP               SMALL_HOT                      87                followup; class A; snr>=20; multi-transit; small-hot
TIC 150970759      57  0.342548              1.333161                1430.591955    14.504193               A           FOLLOWUP               SMALL_HOT                      82                followup; class A; snr>=10; multi-transit; small-hot

CSV: /mnt/c/Users/Gamze/Desktop/projects/AstroTransit/outputs_discovery/novel_candidates_science_prioritized.csv
Parquet: /mnt/c/Users/Gamze/Desktop/projects/AstroTransit/outputs_discovery/novel_candidates_science_prioritized.parquet
========================================================================
