=== TIC 352179145 S17 ===
Transit Least Squares TLS 1.32 (5 Apr 2024)
Creating model cache for 33 durations
Searching 13086 data points, 314 periods from 6.531 to 11.651 days
Using 1 of 8 CPU threads
Searching for best T0 for period 11.43934 days
Transit Least Squares TLS 1.32 (5 Apr 2024)
Creating model cache for 33 durations
Searching 13086 data points, 314 periods from 6.531 to 11.651 days
Using 1 of 8 CPU threads
Searching for best T0 for period 11.43934 days
========================================================================
Novel Follow-up Sonucu
========================================================================
{'target_id': 'TIC 352179145', 'success': True, 'sectors_processed': 1, 'candidates_found': 1, 'candidates_confirmed': 0, 'error': ''}
{'target_id': 'TIC 352179145', 'sector': 17, 'success': True, 'has_candidate': True, 'candidate_confirmed': False, 'error': '', 'score': 50.0, 'class': 'D'}
========================================================================
Cikti dizini: outputs_novel_followup
Gorseller: outputs_novel_followup/figures
JSON: outputs_novel_followup/json
Parquet: outputs_novel_followup/parquet
